Archive member included to satisfy reference by file (symbol)

D:/adc2/build/app_update\libapp_update.a(esp_app_desc.o)
                              (esp_app_desc)
D:/adc2/build/cxx\libcxx.a(cxx_exception_stubs.o)
                              (__cxx_fatal_exception)
D:/adc2/build/cxx\libcxx.a(cxx_guards.o)
                              (__cxa_guard_dummy)
D:/adc2/build/esp32\libesp32.a(cpu_start.o)
                              (call_start_cpu0)
D:/adc2/build/esp32\libesp32.a(dbg_stubs.o)
                              D:/adc2/build/esp32\libesp32.a(cpu_start.o) (esp_dbg_stubs_init)
D:/adc2/build/esp32\libesp32.a(task_wdt.o)
                              D:/adc2/build/esp32\libesp32.a(cpu_start.o) (esp_task_wdt_init)
D:/adc2/build/esp32\libesp32.a(panic.o)
                              D:/adc2/build/esp32\libesp32.a(task_wdt.o) (esp_reset_reason_set_hint)
D:/adc2/build/esp32\libesp32.a(dport_panic_highint_hdl.o)
                              (ld_include_panic_highint_hdl)
D:/adc2/build/esp32\libesp32.a(int_wdt.o)
                              D:/adc2/build/esp32\libesp32.a(dport_panic_highint_hdl.o) (int_wdt_app_cpu_ticked)
D:/adc2/build/esp32\libesp32.a(brownout.o)
                              D:/adc2/build/esp32\libesp32.a(cpu_start.o) (esp_brownout_init)
D:/adc2/build/esp32\libesp32.a(system_api.o)
                              D:/adc2/build/esp32\libesp32.a(panic.o) (esp_restart_noos)
D:/adc2/build/esp32\libesp32.a(dport_access.o)
                              D:/adc2/build/esp32\libesp32.a(dport_panic_highint_hdl.o) (dport_access_start)
D:/adc2/build/esp32\libesp32.a(esp_timer.o)
                              D:/adc2/build/esp32\libesp32.a(cpu_start.o) (esp_timer_init)
D:/adc2/build/esp32\libesp32.a(esp_err_to_name.o)
                              D:/adc2/build/esp32\libesp32.a(panic.o) (esp_err_to_name)
D:/adc2/build/esp32\libesp32.a(intr_alloc.o)
                              D:/adc2/build/esp32\libesp32.a(task_wdt.o) (esp_intr_alloc)
D:/adc2/build/esp32\libesp32.a(ipc.o)
                              D:/adc2/build/esp32\libesp32.a(intr_alloc.o) (esp_ipc_call_blocking)
D:/adc2/build/esp32\libesp32.a(cache_err_int.o)
                              D:/adc2/build/esp32\libesp32.a(cpu_start.o) (esp_cache_err_int_init)
D:/adc2/build/esp32\libesp32.a(freertos_hooks.o)
                              D:/adc2/build/esp32\libesp32.a(task_wdt.o) (esp_register_freertos_idle_hook_for_cpu)
D:/adc2/build/esp32\libesp32.a(clk.o)
                              D:/adc2/build/esp32\libesp32.a(cpu_start.o) (esp_clk_init)
D:/adc2/build/esp32\libesp32.a(esp_timer_esp32.o)
                              D:/adc2/build/esp32\libesp32.a(esp_timer.o) (esp_timer_impl_get_time)
D:/adc2/build/esp32\libesp32.a(crosscore_int.o)
                              D:/adc2/build/esp32\libesp32.a(cpu_start.o) (esp_crosscore_int_init)
D:/adc2/build/esp32\libesp32.a(pm_esp32.o)
                              D:/adc2/build/esp32\libesp32.a(freertos_hooks.o) (esp_pm_impl_waiti)
D:/adc2/build/esp32\libesp32.a(pm_locks.o)
                              D:/adc2/build/esp32\libesp32.a(pm_esp32.o) (esp_pm_lock_create)
D:/ESP32/esp/esp-idf/components/esp32/libhal.a(int_asm--set_intclear.o)
                              D:/adc2/build/esp32\libesp32.a(intr_alloc.o) (xthal_set_intclear)
D:/adc2/build/freertos\libfreertos.a(FreeRTOS-openocd.o)
                              (uxTopUsedPriority)
D:/adc2/build/freertos\libfreertos.a(tasks.o)
                              D:/adc2/build/esp32\libesp32.a(system_api.o) (vTaskSuspendAll)
D:/adc2/build/freertos\libfreertos.a(port.o)
                              D:/adc2/build/freertos\libfreertos.a(tasks.o) (pxPortInitialiseStack)
D:/adc2/build/freertos\libfreertos.a(xtensa_init.o)
                              D:/adc2/build/esp32\libesp32.a(pm_esp32.o) (_xt_tick_divisor)
D:/adc2/build/freertos\libfreertos.a(list.o)
                              D:/adc2/build/freertos\libfreertos.a(tasks.o) (vListInitialise)
D:/adc2/build/freertos\libfreertos.a(queue.o)
                              D:/adc2/build/esp32\libesp32.a(ipc.o) (xQueueGenericCreate)
D:/adc2/build/freertos\libfreertos.a(xtensa_intr.o)
                              D:/adc2/build/esp32\libesp32.a(intr_alloc.o) (xt_unhandled_interrupt)
D:/adc2/build/freertos\libfreertos.a(portasm.o)
                              D:/adc2/build/esp32\libesp32.a(esp_timer.o) (_frxt_setup_switch)
D:/adc2/build/freertos\libfreertos.a(xtensa_vectors.o)
                              D:/adc2/build/freertos\libfreertos.a(port.o) (_xt_user_exit)
D:/adc2/build/freertos\libfreertos.a(xtensa_context.o)
                              D:/adc2/build/esp32\libesp32.a(dport_panic_highint_hdl.o) (_xt_context_save)
D:/adc2/build/freertos\libfreertos.a(xtensa_intr_asm.o)
                              D:/adc2/build/esp32\libesp32.a(intr_alloc.o) (_xt_interrupt_table)
D:/adc2/build/freertos\libfreertos.a(timers.o)
[...]
Memory Configuration

Name             Origin             Length             Attributes
iram0_0_seg      0x40080000         0x00020000         xr
iram0_2_seg      0x400d0018         0x0032ffe8         xr
dram0_0_seg      0x3ffb0000         0x0002c200         rw
drom0_0_seg      0x3f400018         0x003fffe8         r
rtc_iram_seg     0x400c0000         0x00002000         xrw
rtc_data_seg     0x3ff80000         0x00002000         rw
rtc_slow_seg     0x50000000         0x00001000         rw
extern_ram_seg   0x3f800000         0x00400000         xrw
*default*        0x00000000         0xffffffff

Linker script and memory map

START GROUP
LOAD D:/adc2/build/app_trace\libapp_trace.a
LOAD D:/adc2/build/app_update\libapp_update.a
LOAD D:/adc2/build/asio\libasio.a
LOAD D:/adc2/build/bootloader_support\libbootloader_support.a
LOAD D:/adc2/build/bt\libbt.a
LOAD D:/adc2/build/coap\libcoap.a
LOAD D:/adc2/build/console\libconsole.a
LOAD D:/adc2/build/cxx\libcxx.a
LOAD D:/adc2/build/driver\libdriver.a
LOAD D:/adc2/build/efuse\libefuse.a
LOAD D:/adc2/build/esp-tls\libesp-tls.a
LOAD D:/adc2/build/esp32\libesp32.a
LOAD D:/ESP32/esp/esp-idf/components/esp32/libhal.a
LOAD D:/ESP32/esp/esp-idf/components/esp32/lib\libcore.a
LOAD D:/ESP32/esp/esp-idf/components/esp32/lib\librtc.a
LOAD D:/ESP32/esp/esp-idf/components/esp32/lib\libnet80211.a
LOAD D:/ESP32/esp/esp-idf/components/esp32/lib\libpp.a
LOAD D:/ESP32/esp/esp-idf/components/esp32/lib\libwpa.a
LOAD D:/ESP32/esp/esp-idf/components/esp32/lib\libsmartconfig.a
LOAD D:/ESP32/esp/esp-idf/components/esp32/lib\libcoexist.a
LOAD D:/ESP32/esp/esp-idf/components/esp32/lib\libwps.a
LOAD D:/ESP32/esp/esp-idf/components/esp32/lib\libwpa2.a
LOAD D:/ESP32/esp/esp-idf/components/esp32/lib\libespnow.a
LOAD D:/ESP32/esp/esp-idf/components/esp32/lib\libphy.a
LOAD D:/ESP32/esp/esp-idf/components/esp32/lib\libmesh.a
LOAD D:/adc2/build/esp_adc_cal\libesp_adc_cal.a
LOAD D:/adc2/build/esp_event\libesp_event.a
LOAD D:/adc2/build/esp_http_client\libesp_http_client.a
LOAD D:/adc2/build/esp_http_server\libesp_http_server.a
LOAD D:/adc2/build/esp_https_ota\libesp_https_ota.a
LOAD D:/adc2/build/esp_https_server\libesp_https_server.a
LOAD D:/adc2/build/esp_ringbuf\libesp_ringbuf.a
LOAD D:/adc2/build/espcoredump\libespcoredump.a
LOAD D:/adc2/build/ethernet\libethernet.a
LOAD D:/adc2/build/expat\libexpat.a
LOAD D:/adc2/build/fatfs\libfatfs.a
LOAD D:/adc2/build/freemodbus\libfreemodbus.a
LOAD D:/adc2/build/freertos\libfreertos.a
LOAD D:/adc2/build/heap\libheap.a
LOAD D:/adc2/build/idf_test\libidf_test.a
LOAD D:/adc2/build/jsmn\libjsmn.a
LOAD D:/adc2/build/json\libjson.a
LOAD D:/adc2/build/libsodium\liblibsodium.a
LOAD D:/adc2/build/log\liblog.a
LOAD D:/adc2/build/lwip\liblwip.a
LOAD D:/adc2/build/main\libmain.a
LOAD D:/adc2/build/mbedtls\libmbedtls.a
LOAD D:/adc2/build/mdns\libmdns.a
LOAD D:/adc2/build/micro-ecc\libmicro-ecc.a
LOAD D:/adc2/build/mqtt\libmqtt.a
LOAD D:/ESP32/esp/esp-idf/components/newlib/lib/libc.a
LOAD D:/ESP32/esp/esp-idf/components/newlib/lib/libm.a
LOAD D:/adc2/build/newlib\libnewlib.a
LOAD D:/adc2/build/nghttp\libnghttp.a
LOAD D:/adc2/build/nimble\libnimble.a
LOAD D:/adc2/build/nvs_flash\libnvs_flash.a
LOAD D:/adc2/build/openssl\libopenssl.a
LOAD D:/adc2/build/protobuf-c\libprotobuf-c.a
LOAD D:/adc2/build/protocomm\libprotocomm.a
LOAD D:/adc2/build/pthread\libpthread.a
LOAD D:/adc2/build/sdmmc\libsdmmc.a
LOAD D:/adc2/build/smartconfig_ack\libsmartconfig_ack.a
LOAD D:/adc2/build/soc\libsoc.a
LOAD D:/adc2/build/spi_flash\libspi_flash.a
LOAD D:/adc2/build/spiffs\libspiffs.a
LOAD D:/adc2/build/tcp_transport\libtcp_transport.a
LOAD D:/adc2/build/tcpip_adapter\libtcpip_adapter.a
LOAD D:/adc2/build/ulp\libulp.a
LOAD D:/adc2/build/unity\libunity.a
LOAD D:/adc2/build/vfs\libvfs.a
LOAD D:/adc2/build/wear_levelling\libwear_levelling.a
LOAD D:/adc2/build/wifi_provisioning\libwifi_provisioning.a
LOAD D:/adc2/build/wpa_supplicant\libwpa_supplicant.a
LOAD D:/adc2/build/xtensa-debug-module\libxtensa-debug-module.a
LOAD d:/esp32/msys32/opt/xtensa-esp32-elf/bin/../lib/gcc/xtensa-esp32-elf/5.2.0\libgcc.a
LOAD d:/esp32/msys32/opt/xtensa-esp32-elf/bin/../lib/gcc/xtensa-esp32-elf/5.2.0/../../../../xtensa-esp32-elf/lib\libstdc++.a
LOAD d:/esp32/msys32/opt/xtensa-esp32-elf/bin/../lib/gcc/xtensa-esp32-elf/5.2.0\libgcov.a
END GROUP
                0x40000000                _heap_end = 0x40000000
                0x3ff80000                _data_seg_org = ORIGIN (rtc_data_seg)

.rtc.text       0x400c0000        0x0
                0x400c0000                . = ALIGN (0x4)
 *(.rtc.literal .rtc.text .rtc.text.*)
 *rtc_wake_stub*.*(.literal .text .literal.* .text.*)
                0x400c0000                _rtc_text_end = ABSOLUTE (.)

.rtc.dummy      0x3ff80000        0x0
                0x3ff80000                _rtc_dummy_start = ABSOLUTE (.)
                0x3ff80000                _rtc_fast_start = ABSOLUTE (.)
                0x00000000                . = SIZEOF (.rtc.text)
                0x00000000                _rtc_dummy_end = ABSOLUTE (.)

.rtc.force_fast
                0x3ff80000        0x0
                0x3ff80000                . = ALIGN (0x4)
                0x3ff80000                _rtc_force_fast_start = ABSOLUTE (.)
 *(.rtc.force_fast .rtc.force_fast.*)
                0x3ff80000                . = ALIGN (0x4)
                0x3ff80000                _rtc_force_fast_end = ABSOLUTE (.)

.rtc.data       0x50000000        0x0
                0x50000000                _rtc_data_start = ABSOLUTE (.)
 *(.rtc.data .rtc.data.* .rtc.rodata .rtc.rodata.*)
 *rtc_wake_stub*.*(.data .rodata .data.* .rodata.* .bss .bss.*)
                0x50000000                _rtc_data_end = ABSOLUTE (.)

.rtc.bss        0x50000000        0x0
                0x50000000                _rtc_bss_start = ABSOLUTE (.)
 *rtc_wake_stub*.*(.bss .bss.*)
 *rtc_wake_stub*.*(COMMON)
 *(.rtc.bss)
                0x50000000                _rtc_bss_end = ABSOLUTE (.)

.rtc_noinit     0x50000000        0x0
                0x50000000                . = ALIGN (0x4)
                0x50000000                _rtc_noinit_start = ABSOLUTE (.)
 *(.rtc_noinit .rtc_noinit.*)
                0x50000000                . = ALIGN (0x4)
                0x50000000                _rtc_noinit_end = ABSOLUTE (.)

.rtc.force_slow
                0x50000000        0x0
                0x50000000                . = ALIGN (0x4)
                0x50000000                _rtc_force_slow_start = ABSOLUTE (.)
 *(.rtc.force_slow .rtc.force_slow.*)
                0x50000000                . = ALIGN (0x4)
                0x50000000                _rtc_force_slow_end = ABSOLUTE (.)
                0x00000000                _rtc_slow_length = (ORIGIN (rtc_slow_seg) == ORIGIN (rtc_data_location))?(_rtc_force_slow_end - _rtc_data_start):(_rtc_force_slow_end - _rtc_force_slow_start)
                0x00000000                _rtc_fast_length = (ORIGIN (rtc_slow_seg) == ORIGIN (rtc_data_location))?(_rtc_force_fast_end - _rtc_fast_start):(_rtc_noinit_end - _rtc_fast_start)
                0x00000001                ASSERT ((_rtc_slow_length <= 0x1000), RTC_SLOW segment data does not fit.)
                0x00000001                ASSERT ((_rtc_fast_length <= 0x2000), RTC_FAST segment data does not fit.)

.iram0.vectors  0x40080000      0x400
                0x40080000                _iram_start = ABSOLUTE (.)
                0x40080000                _init_start = ABSOLUTE (.)
                0x00000000                . = 0x0
 *(.WindowVectors.text)
 .WindowVectors.text
                0x40080000      0x16a D:/adc2/build/freertos\libfreertos.a(xtensa_vectors.o)
                0x40080000                _WindowOverflow4
                0x40080040                _WindowUnderflow4
                0x40080050                _xt_alloca_exc
                0x40080080                _WindowOverflow8
                0x400800c0                _WindowUnderflow8
                0x40080100                _WindowOverflow12
                0x40080140                _WindowUnderflow12
                0x00000180                . = 0x180
 *fill*         0x4008016a       0x16 
 *(.Level2InterruptVector.text)
 .Level2InterruptVector.text
                0x40080180        0x6 D:/adc2/build/freertos\libfreertos.a(xtensa_vectors.o)
                0x40080180                _Level2Vector
                0x000001c0                . = 0x1c0
 *fill*         0x40080186       0x3a 
 *(.Level3InterruptVector.text)
 .Level3InterruptVector.text
                0x400801c0        0x6 D:/adc2/build/freertos\libfreertos.a(xtensa_vectors.o)
                0x400801c0                _Level3Vector
                0x00000200                . = 0x200
 *fill*         0x400801c6       0x3a 
 *(.Level4InterruptVector.text)
 .Level4InterruptVector.text
                0x40080200        0x6 D:/adc2/build/freertos\libfreertos.a(xtensa_vectors.o)
                0x40080200                _Level4Vector
                0x00000240                . = 0x240
 *fill*         0x40080206       0x3a 
 *(.Level5InterruptVector.text)
 .Level5InterruptVector.text
                0x40080240        0x6 D:/adc2/build/freertos\libfreertos.a(xtensa_vectors.o)
                0x40080240                _Level5Vector
                0x00000280                . = 0x280
 *fill*         0x40080246       0x3a 
 *(.DebugExceptionVector.text)
 .DebugExceptionVector.text
                0x40080280        0x6 D:/adc2/build/freertos\libfreertos.a(xtensa_vectors.o)
                0x40080280                _DebugExceptionVector
                0x000002c0                . = 0x2c0
 *fill*         0x40080286       0x3a 
 *(.NMIExceptionVector.text)
 .NMIExceptionVector.text
                0x400802c0        0x6 D:/adc2/build/freertos\libfreertos.a(xtensa_vectors.o)
                0x400802c0                _NMIExceptionVector
                0x00000300                . = 0x300
 *fill*         0x400802c6       0x3a 
 *(.KernelExceptionVector.text)
 .KernelExceptionVector.text
                0x40080300        0x6 D:/adc2/build/freertos\libfreertos.a(xtensa_vectors.o)
                0x40080300                _KernelExceptionVector
                0x00000340                . = 0x340
 *fill*         0x40080306       0x3a 
 *(.UserExceptionVector.text)
 .UserExceptionVector.text
                0x40080340        0x6 D:/adc2/build/freertos\libfreertos.a(xtensa_vectors.o)
                0x40080340                _UserExceptionVector
                0x000003c0                . = 0x3c0
 *fill*         0x40080346       0x7a 
 *(.DoubleExceptionVector.text)
 .DoubleExceptionVector.text
                0x400803c0        0xf D:/adc2/build/freertos\libfreertos.a(xtensa_vectors.o)
                0x400803c0                _DoubleExceptionVector
                0x00000400                . = 0x400
 *fill*         0x400803cf       0x31 
 *(.*Vector.literal)
 *(.UserEnter.literal)
 *(.UserEnter.text)
                0x40080400                . = ALIGN (0x10)
 *(.entry.text)
 *(.init.literal)
 *(.init)
                0x40080400                _init_end = ABSOLUTE (.)

.iram0.text     0x40080400     0x7fd3
                0x40080400                _iram_text_start = ABSOLUTE (.)
 *(.iram1 .iram1.*)
 .iram1.1.literal
                0x40080400        0x4 D:/adc2/build/app_update\libapp_update.a(esp_app_desc.o)
 .iram1.25.literal
                0x40080404       0x4c D:/adc2/build/esp32\libesp32.a(cpu_start.o)
                                 0xd8 (size before relaxing)
 .iram1.27.literal
                0x40080450        0xc D:/adc2/build/esp32\libesp32.a(cpu_start.o)
                                 0x2c (size before relaxing)
 .iram1.29.literal
                0x4008045c       0x1c D:/adc2/build/esp32\libesp32.a(cpu_start.o)
                                 0x34 (size before relaxing)
 .iram1.28.literal
                0x40080478       0x60 D:/adc2/build/esp32\libesp32.a(cpu_start.o)
                                0x114 (size before relaxing)
 .iram1.literal
                0x400804d8       0x24 D:/adc2/build/esp32\libesp32.a(dport_panic_highint_hdl.o)
                                 0x28 (size before relaxing)
 .iram1.17.literal
                0x400804fc        0x8 D:/adc2/build/esp32\libesp32.a(int_wdt.o)
                                  0xc (size before relaxing)
 .iram1.25.literal
                0x40080504       0x44 D:/adc2/build/esp32\libesp32.a(system_api.o)
                                 0xb0 (size before relaxing)
 .iram1.18.literal
                0x40080548       0x18 D:/adc2/build/esp32\libesp32.a(dport_access.o)
                                 0x2c (size before relaxing)
 .iram1.19.literal
                0x40080560        0xc D:/adc2/build/esp32\libesp32.a(dport_access.o)
                                 0x2c (size before relaxing)
 .iram1.22.literal
                0x4008056c        0x0 D:/adc2/build/esp32\libesp32.a(dport_access.o)
                                 0x10 (size before relaxing)
 .iram1.23.literal
                0x4008056c        0x0 D:/adc2/build/esp32\libesp32.a(dport_access.o)
                                  0x4 (size before relaxing)
 .iram1.26.literal
                0x4008056c        0x4 D:/adc2/build/esp32\libesp32.a(dport_access.o)
 .iram1.27.literal
                0x40080570        0x0 D:/adc2/build/esp32\libesp32.a(dport_access.o)
                                  0x4 (size before relaxing)
 .iram1.23.literal
                0x40080570        0x4 D:/adc2/build/esp32\libesp32.a(esp_timer.o)
 .iram1.20.literal
                0x40080574        0x4 D:/adc2/build/esp32\libesp32.a(esp_timer.o)
                                  0x8 (size before relaxing)
 .iram1.17.literal
                0x40080578       0x10 D:/adc2/build/esp32\libesp32.a(esp_timer.o)
                                 0x18 (size before relaxing)
 .iram1.21.literal
                0x40080588        0x0 D:/adc2/build/esp32\libesp32.a(esp_timer.o)
                                  0x8 (size before relaxing)
 .iram1.22.literal
                0x40080588        0x4 D:/adc2/build/esp32\libesp32.a(esp_timer.o)
                                  0xc (size before relaxing)
 .iram1.25.literal
                0x4008058c        0x0 D:/adc2/build/esp32\libesp32.a(esp_timer.o)
                                  0x4 (size before relaxing)
 .iram1.14.literal
                0x4008058c        0x4 D:/adc2/build/esp32\libesp32.a(intr_alloc.o)
                                  0xc (size before relaxing)
 .iram1.16.literal
                0x40080590        0x4 D:/adc2/build/esp32\libesp32.a(intr_alloc.o)
                                 0x24 (size before relaxing)
 .iram1.17.literal
                0x40080594        0xc D:/adc2/build/esp32\libesp32.a(intr_alloc.o)
                                 0x38 (size before relaxing)
 .iram1.18.literal
                0x400805a0        0xc D:/adc2/build/esp32\libesp32.a(intr_alloc.o)
                                 0x10 (size before relaxing)
 .iram1.19.literal
                0x400805ac        0x0 D:/adc2/build/esp32\libesp32.a(intr_alloc.o)
                                  0xc (size before relaxing)
 .iram1.14.literal
                0x400805ac       0x20 D:/adc2/build/esp32\libesp32.a(ipc.o)
                                 0x34 (size before relaxing)
 .iram1.16.literal
                0x400805cc        0xc D:/adc2/build/esp32\libesp32.a(cache_err_int.o)
                                 0x18 (size before relaxing)
 .iram1.13.literal
                0x400805d8        0x4 D:/adc2/build/esp32\libesp32.a(freertos_hooks.o)
 .iram1.4.literal
                0x400805dc        0x8 D:/adc2/build/esp32\libesp32.a(clk.o)
 .iram1.5.literal
                0x400805e4        0x0 D:/adc2/build/esp32\libesp32.a(clk.o)
                                  0x8 (size before relaxing)
 .iram1.7.literal
                0x400805e4        0x4 D:/adc2/build/esp32\libesp32.a(clk.o)
                                  0x8 (size before relaxing)
 .iram1.18.literal
                0x400805e8       0x3c D:/adc2/build/esp32\libesp32.a(esp_timer_esp32.o)
                                 0x48 (size before relaxing)
 .iram1.16.literal
                0x40080624        0x4 D:/adc2/build/esp32\libesp32.a(esp_timer_esp32.o)
                                 0x1c (size before relaxing)
 .iram1.17.literal
                0x40080628        0x4 D:/adc2/build/esp32\libesp32.a(esp_timer_esp32.o)
                                 0x48 (size before relaxing)
 .iram1.20.literal
                0x4008062c       0x1c D:/adc2/build/esp32\libesp32.a(crosscore_int.o)
                                 0x28 (size before relaxing)
 .iram1.19.literal
                0x40080648        0x0 D:/adc2/build/esp32\libesp32.a(crosscore_int.o)
                                 0x18 (size before relaxing)
 .iram1.21.literal
                0x40080648        0x0 D:/adc2/build/esp32\libesp32.a(crosscore_int.o)
                                  0x4 (size before relaxing)
 .iram1.14.literal
                0x40080648        0x4 D:/adc2/build/freertos\libfreertos.a(port.o)
 .iram1.literal
                0x4008064c       0x44 D:/adc2/build/freertos\libfreertos.a(xtensa_vectors.o)
                                 0x68 (size before relaxing)
 .iram1.21.literal
                0x40080690        0x4 D:/adc2/build/heap\libheap.a(heap_caps.o)
 .iram1.14.literal
                0x40080694       0x28 D:/adc2/build/heap\libheap.a(heap_caps.o)
                                 0x38 (size before relaxing)
 .iram1.15.literal
                0x400806bc        0x4 D:/adc2/build/heap\libheap.a(heap_caps.o)
                                 0x1c (size before relaxing)
 .iram1.16.literal
                0x400806c0        0xc D:/adc2/build/heap\libheap.a(heap_caps.o)
                                 0x20 (size before relaxing)
 .iram1.22.literal
                0x400806cc        0xc D:/adc2/build/heap\libheap.a(heap_caps.o)
                                 0x20 (size before relaxing)
 .iram1.23.literal
                0x400806d8        0xc D:/adc2/build/heap\libheap.a(heap_caps.o)
                                 0x3c (size before relaxing)
 .iram1.17.literal
                0x400806e4        0x0 D:/adc2/build/heap\libheap.a(heap_caps.o)
                                 0x20 (size before relaxing)
 .iram1.14.literal
                0x400806e4       0x20 D:/adc2/build/log\liblog.a(log.o)
                                 0x34 (size before relaxing)
 .iram1.15.literal
                0x40080704        0x0 D:/adc2/build/log\liblog.a(log.o)
                                  0x8 (size before relaxing)
 .iram1.16.literal
                0x40080704        0x4 D:/adc2/build/log\liblog.a(log.o)
                                 0x14 (size before relaxing)
 .iram1.14.literal
                0x40080708        0x4 D:/adc2/build/newlib\libnewlib.a(locks.o)
                                 0x1c (size before relaxing)
 .iram1.18.literal
                0x4008070c        0xc D:/adc2/build/newlib\libnewlib.a(locks.o)
                                 0x34 (size before relaxing)
 .iram1.23.literal
                0x40080718        0x0 D:/adc2/build/newlib\libnewlib.a(locks.o)
                                 0x14 (size before relaxing)
 .iram1.15.literal
                0x40080718        0x0 D:/adc2/build/newlib\libnewlib.a(locks.o)
                                  0x4 (size before relaxing)
 .iram1.16.literal
                0x40080718        0x0 D:/adc2/build/newlib\libnewlib.a(locks.o)
                                  0x4 (size before relaxing)
 .iram1.17.literal
                0x40080718        0x4 D:/adc2/build/newlib\libnewlib.a(locks.o)
                                 0x28 (size before relaxing)
 .iram1.19.literal
                0x4008071c        0x0 D:/adc2/build/newlib\libnewlib.a(locks.o)
                                  0x4 (size before relaxing)
 .iram1.20.literal
                0x4008071c        0x0 D:/adc2/build/newlib\libnewlib.a(locks.o)
                                  0x4 (size before relaxing)
 .iram1.21.literal
                0x4008071c        0x0 D:/adc2/build/newlib\libnewlib.a(locks.o)
                                  0x4 (size before relaxing)
 .iram1.22.literal
                0x4008071c        0x0 D:/adc2/build/newlib\libnewlib.a(locks.o)
                                  0x4 (size before relaxing)
 .iram1.24.literal
                0x4008071c        0x0 D:/adc2/build/newlib\libnewlib.a(locks.o)
                                  0x4 (size before relaxing)
 .iram1.25.literal
                0x4008071c        0x0 D:/adc2/build/newlib\libnewlib.a(locks.o)
                                  0x4 (size before relaxing)
 .iram1.13.literal
                0x4008071c        0x0 D:/adc2/build/newlib\libnewlib.a(syscalls.o)
                                  0x4 (size before relaxing)
 .iram1.14.literal
                0x4008071c        0x0 D:/adc2/build/newlib\libnewlib.a(syscalls.o)
                                  0x4 (size before relaxing)
 .iram1.15.literal
                0x4008071c        0x0 D:/adc2/build/newlib\libnewlib.a(syscalls.o)
                                  0x4 (size before relaxing)
 .iram1.16.literal
                0x4008071c        0x8 D:/adc2/build/newlib\libnewlib.a(syscalls.o)
 .iram1.0.literal
                0x40080724        0x8 D:/adc2/build/newlib\libnewlib.a(reent_init.o)
                                 0x10 (size before relaxing)
 .iram1.15.literal
                0x4008072c        0xc D:/adc2/build/newlib\libnewlib.a(time.o)
                                 0x18 (size before relaxing)
 .iram1.14.literal
                0x40080738        0x0 D:/adc2/build/newlib\libnewlib.a(time.o)
                                  0x8 (size before relaxing)
 .iram1.0.literal
                0x40080738       0x18 D:/adc2/build/soc\libsoc.a(cpu_util.o)
 .iram1.1.literal
                0x40080750        0x0 D:/adc2/build/soc\libsoc.a(cpu_util.o)
                                 0x10 (size before relaxing)
 .iram1.2.literal
                0x40080750        0x0 D:/adc2/build/soc\libsoc.a(cpu_util.o)
                                  0x4 (size before relaxing)
 .iram1.3.literal
                0x40080750        0x4 D:/adc2/build/soc\libsoc.a(cpu_util.o)
 .iram1.25.literal
                0x40080754        0x4 D:/adc2/build/spi_flash\libspi_flash.a(flash_ops.o)
 .iram1.31.literal
                0x40080758       0x10 D:/adc2/build/spi_flash\libspi_flash.a(cache_utils.o)
                                 0x20 (size before relaxing)
 .iram1.25.literal
                0x40080768        0xc D:/adc2/build/spi_flash\libspi_flash.a(cache_utils.o)
                                 0x20 (size before relaxing)
 .iram1.30.literal
                0x40080774        0x8 D:/adc2/build/spi_flash\libspi_flash.a(cache_utils.o)
                                 0x30 (size before relaxing)
 .iram1.26.literal
                0x4008077c       0x20 D:/adc2/build/spi_flash\libspi_flash.a(cache_utils.o)
                                 0x64 (size before relaxing)
 .iram1.27.literal
                0x4008079c        0xc D:/adc2/build/spi_flash\libspi_flash.a(cache_utils.o)
                                 0x44 (size before relaxing)
 .iram1.32.literal
                0x400807a8        0x0 D:/adc2/build/spi_flash\libspi_flash.a(cache_utils.o)
                                 0x10 (size before relaxing)
 .iram1.25.literal
                0x400807a8        0x4 D:/adc2/build/spi_flash\libspi_flash.a(flash_mmap.o)
                                  0x8 (size before relaxing)
 .iram1.24.literal
                0x400807ac        0xc D:/adc2/build/spi_flash\libspi_flash.a(flash_mmap.o)
                                 0x18 (size before relaxing)
 .iram1.30.literal
                0x400807b8        0x0 D:/adc2/build/spi_flash\libspi_flash.a(flash_mmap.o)
                                 0x10 (size before relaxing)
 .iram1.27.literal
                0x400807b8       0x30 D:/adc2/build/spi_flash\libspi_flash.a(flash_mmap.o)
                                 0x80 (size before relaxing)
 .iram1.26.literal
                0x400807e8        0x8 D:/adc2/build/spi_flash\libspi_flash.a(flash_mmap.o)
                                 0x18 (size before relaxing)
 .iram1.28.literal
                0x400807f0        0xc D:/adc2/build/spi_flash\libspi_flash.a(flash_mmap.o)
                                 0x34 (size before relaxing)
 .iram1.0.literal
                0x400807fc       0x10 D:/adc2/build/bootloader_support\libbootloader_support.a(bootloader_flash_config.o)
 .iram1.1.literal
                0x4008080c        0x4 D:/adc2/build/bootloader_support\libbootloader_support.a(bootloader_flash_config.o)
 .iram1.2.literal
                0x40080810       0x38 D:/adc2/build/bootloader_support\libbootloader_support.a(bootloader_flash_config.o)
                                 0x60 (size before relaxing)
 .iram1.3.literal
                0x40080848       0x14 D:/adc2/build/bootloader_support\libbootloader_support.a(bootloader_flash_config.o)
                                 0x18 (size before relaxing)
 .literal.prvGetFreeSize
                0x4008085c        0xc D:/adc2/build/esp_ringbuf\libesp_ringbuf.a(ringbuf.o)
                                 0x14 (size before relaxing)
 .literal.prvReceiveGeneric
                0x40080868        0x4 D:/adc2/build/esp_ringbuf\libesp_ringbuf.a(ringbuf.o)
                                 0x3c (size before relaxing)
 .literal.xRingbufferSend
                0x4008086c        0x4 D:/adc2/build/esp_ringbuf\libesp_ringbuf.a(ringbuf.o)
                                 0x40 (size before relaxing)
 .literal.xRingbufferReceive
                0x40080870        0x4 D:/adc2/build/esp_ringbuf\libesp_ringbuf.a(ringbuf.o)
                                 0x18 (size before relaxing)
 .literal.vRingbufferReturnItem
                0x40080874        0x4 D:/adc2/build/esp_ringbuf\libesp_ringbuf.a(ringbuf.o)
                                 0x28 (size before relaxing)
 .literal       0x40080878        0x4 D:/ESP32/esp/esp-idf/components/esp32/libhal.a(windowspill_asm.o)
 .literal.panicPutChar
                0x4008087c        0x4 D:/adc2/build/esp32\libesp32.a(panic.o)
                                  0x8 (size before relaxing)
 .literal.panicPutStr
                0x40080880        0x0 D:/adc2/build/esp32\libesp32.a(panic.o)
                                  0x4 (size before relaxing)
 .literal.panicPutHex
                0x40080880        0x0 D:/adc2/build/esp32\libesp32.a(panic.o)
                                  0x8 (size before relaxing)
 .literal.panicPutDec
                0x40080880        0x4 D:/adc2/build/esp32\libesp32.a(panic.o)
                                 0x10 (size before relaxing)
 .literal.illegal_instruction_helper
                0x40080884       0x18 D:/adc2/build/esp32\libesp32.a(panic.o)
                                 0x3c (size before relaxing)
 .literal.reconfigureAllWdts
                0x4008089c       0x10 D:/adc2/build/esp32\libesp32.a(panic.o)
                                 0x24 (size before relaxing)
 .literal.putEntry
                0x400808ac       0x10 D:/adc2/build/esp32\libesp32.a(panic.o)
                                 0x20 (size before relaxing)
 .literal.doBacktrace
                0x400808bc        0xc D:/adc2/build/esp32\libesp32.a(panic.o)
                                 0x24 (size before relaxing)
 .literal.invoke_abort
                0x400808c8        0x4 D:/adc2/build/esp32\libesp32.a(panic.o)
                                  0x8 (size before relaxing)
 .literal.haltOtherCore
                0x400808cc        0x0 D:/adc2/build/esp32\libesp32.a(panic.o)
                                  0x4 (size before relaxing)
 .literal.commonErrorHandler_dump
                0x400808cc       0x30 D:/adc2/build/esp32\libesp32.a(panic.o)
                                 0xa8 (size before relaxing)
 .literal.esp_panic_dig_reset
                0x400808fc        0x0 D:/adc2/build/esp32\libesp32.a(panic.o)
                                 0x18 (size before relaxing)
 .literal.commonErrorHandler
                0x400808fc        0x8 D:/adc2/build/esp32\libesp32.a(panic.o)
                                 0x4c (size before relaxing)
 .literal.esp_error_check_failed_print
                0x40080904       0x14 D:/adc2/build/esp32\libesp32.a(panic.o)
                                 0x2c (size before relaxing)
 .literal.abort
                0x40080918        0x8 D:/adc2/build/esp32\libesp32.a(panic.o)
                                 0x18 (size before relaxing)
 .literal.vApplicationStackOverflowHook
                0x40080920        0x8 D:/adc2/build/esp32\libesp32.a(panic.o)
                                 0x18 (size before relaxing)
 .literal.panicHandler
                0x40080928       0x34 D:/adc2/build/esp32\libesp32.a(panic.o)
                                 0xa8 (size before relaxing)
 .literal.xt_unhandled_exception
                0x4008095c       0x18 D:/adc2/build/esp32\libesp32.a(panic.o)
                                 0x68 (size before relaxing)
 .literal._esp_error_check_failed
                0x40080974        0x4 D:/adc2/build/esp32\libesp32.a(panic.o)
                                  0xc (size before relaxing)
 .literal.rtc_clk_32k_enable_common
                0x40080978       0x14 D:/adc2/build/soc\libsoc.a(rtc_clk.o)
 .literal.rtc_clk_bbpll_disable
                0x4008098c        0xc D:/adc2/build/soc\libsoc.a(rtc_clk.o)
                                 0x10 (size before relaxing)
 .literal.rtc_clk_bbpll_enable
                0x40080998        0x8 D:/adc2/build/soc\libsoc.a(rtc_clk.o)
                                 0x1c (size before relaxing)
 .literal.rtc_clk_32k_enable
                0x400809a0        0x8 D:/adc2/build/soc\libsoc.a(rtc_clk.o)
                                 0x10 (size before relaxing)
 .literal.rtc_clk_32k_enable_external
                0x400809a8        0x0 D:/adc2/build/soc\libsoc.a(rtc_clk.o)
                                  0x4 (size before relaxing)
 .literal.rtc_clk_8m_enable
                0x400809a8        0xc D:/adc2/build/soc\libsoc.a(rtc_clk.o)
                                 0x10 (size before relaxing)
 .literal.rtc_clk_slow_freq_set
                0x400809b4        0x0 D:/adc2/build/soc\libsoc.a(rtc_clk.o)
                                  0xc (size before relaxing)
 .literal.rtc_clk_slow_freq_get
                0x400809b4        0x0 D:/adc2/build/soc\libsoc.a(rtc_clk.o)
                                  0x4 (size before relaxing)
 .literal.rtc_clk_slow_freq_get_hz
                0x400809b4        0xc D:/adc2/build/soc\libsoc.a(rtc_clk.o)
                                 0x10 (size before relaxing)
 .literal.rtc_clk_fast_freq_set
                0x400809c0        0x4 D:/adc2/build/soc\libsoc.a(rtc_clk.o)
                                  0xc (size before relaxing)
 .literal.rtc_clk_bbpll_configure
                0x400809c4        0xc D:/adc2/build/soc\libsoc.a(rtc_clk.o)
                                 0x3c (size before relaxing)
 .literal.rtc_clk_xtal_freq_get
                0x400809d0        0x8 D:/adc2/build/soc\libsoc.a(rtc_clk.o)
 .literal.rtc_clk_cpu_freq_mhz_to_config
                0x400809d8        0x0 D:/adc2/build/soc\libsoc.a(rtc_clk.o)
                                  0x4 (size before relaxing)
 .literal.rtc_clk_cpu_freq_get_config
                0x400809d8       0x10 D:/adc2/build/soc\libsoc.a(rtc_clk.o)
                                 0x34 (size before relaxing)
 .literal.rtc_clk_apb_freq_update
                0x400809e8        0x4 D:/adc2/build/soc\libsoc.a(rtc_clk.o)
 .literal.rtc_clk_cpu_freq_to_xtal
                0x400809ec        0xc D:/adc2/build/soc\libsoc.a(rtc_clk.o)
                                 0x30 (size before relaxing)
 .literal.rtc_clk_cpu_freq_set_xtal
                0x400809f8        0x0 D:/adc2/build/soc\libsoc.a(rtc_clk.o)
                                 0x10 (size before relaxing)
 .literal.rtc_clk_cpu_freq_to_pll_mhz
                0x400809f8        0xc D:/adc2/build/soc\libsoc.a(rtc_clk.o)
                                 0x40 (size before relaxing)
 .literal.rtc_clk_cpu_freq_to_8m
                0x40080a04        0x4 D:/adc2/build/soc\libsoc.a(rtc_clk.o)
                                 0x28 (size before relaxing)
 .literal.rtc_clk_cpu_freq_set_config
                0x40080a08        0x0 D:/adc2/build/soc\libsoc.a(rtc_clk.o)
                                 0x30 (size before relaxing)
 .literal.rtc_clk_apb_freq_get
                0x40080a08        0x4 D:/adc2/build/soc\libsoc.a(rtc_clk.o)
                                 0x10 (size before relaxing)
 .literal.rtc_init
                0x40080a0c       0x7c D:/adc2/build/soc\libsoc.a(rtc_init.o)
                                 0xdc (size before relaxing)
 .literal.rtc_wdt_get_protect_status
                0x40080a88        0x8 D:/adc2/build/soc\libsoc.a(rtc_wdt.o)
 .literal.rtc_wdt_protect_off
                0x40080a90        0x0 D:/adc2/build/soc\libsoc.a(rtc_wdt.o)
                                  0x8 (size before relaxing)
 .literal.rtc_wdt_protect_on
                0x40080a90        0x0 D:/adc2/build/soc\libsoc.a(rtc_wdt.o)
                                  0x4 (size before relaxing)
 .literal.rtc_wdt_enable
                0x40080a90        0xc D:/adc2/build/soc\libsoc.a(rtc_wdt.o)
                                 0x10 (size before relaxing)
 .literal.rtc_wdt_flashboot_mode_enable
                0x40080a9c        0x0 D:/adc2/build/soc\libsoc.a(rtc_wdt.o)
                                  0x4 (size before relaxing)
 .literal.rtc_wdt_feed
                0x40080a9c        0x0 D:/adc2/build/soc\libsoc.a(rtc_wdt.o)
                                 0x14 (size before relaxing)
 .literal.rtc_wdt_set_time
                0x40080a9c       0x14 D:/adc2/build/soc\libsoc.a(rtc_wdt.o)
                                 0x20 (size before relaxing)
 .literal.rtc_wdt_set_stage
                0x40080ab0        0x8 D:/adc2/build/soc\libsoc.a(rtc_wdt.o)
                                 0x14 (size before relaxing)
 .literal.rtc_wdt_disable
                0x40080ab8        0x0 D:/adc2/build/soc\libsoc.a(rtc_wdt.o)
                                 0x2c (size before relaxing)
 .literal.rtc_wdt_set_length_of_reset_signal
                0x40080ab8        0x4 D:/adc2/build/soc\libsoc.a(rtc_wdt.o)
                                  0xc (size before relaxing)
 .literal.rtc_wdt_is_on
                0x40080abc        0x0 D:/adc2/build/soc\libsoc.a(rtc_wdt.o)
                                  0x4 (size before relaxing)
 .literal.rtc_clk_cal_internal
                0x40080abc       0x2c D:/adc2/build/soc\libsoc.a(rtc_time.o)
                                 0x68 (size before relaxing)
 .literal.rtc_clk_cal
                0x40080ae8        0x0 D:/adc2/build/soc\libsoc.a(rtc_time.o)
                                  0xc (size before relaxing)
 .literal.rtc_time_get
                0x40080ae8       0x10 D:/adc2/build/soc\libsoc.a(rtc_time.o)
                                 0x18 (size before relaxing)
 .literal.rtc_clk_wait_for_slow_cycle
                0x40080af8        0x8 D:/adc2/build/soc\libsoc.a(rtc_time.o)
                                 0x20 (size before relaxing)
 .literal.prvResetNextTaskUnblockTime
                0x40080b00        0x8 D:/adc2/build/freertos\libfreertos.a(tasks.o)
 .literal.prvDeleteTLS
                0x40080b08       0x10 D:/adc2/build/freertos\libfreertos.a(tasks.o)
                                 0x18 (size before relaxing)
 .literal.prvInitialiseNewTask
                0x40080b18        0x0 D:/adc2/build/freertos\libfreertos.a(tasks.o)
                                 0x18 (size before relaxing)
 .literal.prvInitialiseTaskLists
                0x40080b18       0x20 D:/adc2/build/freertos\libfreertos.a(tasks.o)
                                 0x40 (size before relaxing)
 .literal.prvDeleteTCB
                0x40080b38        0x8 D:/adc2/build/freertos\libfreertos.a(tasks.o)
                                 0x2c (size before relaxing)
 .literal.prvAddCurrentTaskToDelayedList
                0x40080b40        0x4 D:/adc2/build/freertos\libfreertos.a(tasks.o)
                                 0x1c (size before relaxing)
 .literal.taskYIELD_OTHER_CORE
                0x40080b44        0x0 D:/adc2/build/freertos\libfreertos.a(tasks.o)
                                 0x10 (size before relaxing)
 .literal.vTaskSuspendAll
                0x40080b44        0x4 D:/adc2/build/freertos\libfreertos.a(tasks.o)
                                  0x8 (size before relaxing)
 .literal.xTaskGetTickCount
                0x40080b48        0x0 D:/adc2/build/freertos\libfreertos.a(tasks.o)
                                  0x4 (size before relaxing)
 .literal.xTaskGetIdleTaskHandleForCPU
                0x40080b48        0xc D:/adc2/build/freertos\libfreertos.a(tasks.o)
                                 0x1c (size before relaxing)
 .literal.vTaskSwitchContext
                0x40080b54       0x18 D:/adc2/build/freertos\libfreertos.a(tasks.o)
                                 0x3c (size before relaxing)
 .literal.vTaskSetTimeOutState
                0x40080b6c        0xc D:/adc2/build/freertos\libfreertos.a(tasks.o)
                                 0x20 (size before relaxing)
 .literal.xTaskGetCurrentTaskHandle
                0x40080b78        0x0 D:/adc2/build/freertos\libfreertos.a(tasks.o)
                                  0x8 (size before relaxing)
 .literal.__getreent
                0x40080b78        0x0 D:/adc2/build/freertos\libfreertos.a(tasks.o)
                                  0x8 (size before relaxing)
 .literal.pcTaskGetTaskName
                0x40080b78        0x8 D:/adc2/build/freertos\libfreertos.a(tasks.o)
                                 0x1c (size before relaxing)
 .literal.xTaskGetAffinity
                0x40080b80        0x0 D:/adc2/build/freertos\libfreertos.a(tasks.o)
                                  0x4 (size before relaxing)
 .literal.xTaskGetCurrentTaskHandleForCPU
                0x40080b80        0x0 D:/adc2/build/freertos\libfreertos.a(tasks.o)
                                  0x4 (size before relaxing)
 .literal.xTaskGetSchedulerState
                0x40080b80        0x4 D:/adc2/build/freertos\libfreertos.a(tasks.o)
                                  0xc (size before relaxing)
 .literal.vTaskEnterCritical
                0x40080b84       0x20 D:/adc2/build/freertos\libfreertos.a(tasks.o)
                                 0x34 (size before relaxing)
 .literal.vTaskExitCritical
                0x40080ba4        0xc D:/adc2/build/freertos\libfreertos.a(tasks.o)
                                 0x28 (size before relaxing)
 .literal.prvAddNewTaskToReadyList
                0x40080bb0       0x10 D:/adc2/build/freertos\libfreertos.a(tasks.o)
                                 0x58 (size before relaxing)
 .literal.xTaskCreatePinnedToCore
                0x40080bc0        0x0 D:/adc2/build/freertos\libfreertos.a(tasks.o)
                                 0x18 (size before relaxing)
 .literal.vTaskStartScheduler
                0x40080bc0       0x10 D:/adc2/build/freertos\libfreertos.a(tasks.o)
                                 0x3c (size before relaxing)
 .literal.vTaskDelete
                0x40080bd0        0x8 D:/adc2/build/freertos\libfreertos.a(tasks.o)
                                 0x60 (size before relaxing)
 .literal.vTaskDelay
                0x40080bd8        0x4 D:/adc2/build/freertos\libfreertos.a(tasks.o)
                                 0x38 (size before relaxing)
 .literal.uxTaskPriorityGet
                0x40080bdc        0x0 D:/adc2/build/freertos\libfreertos.a(tasks.o)
                                 0x10 (size before relaxing)
 .literal.vTaskPrioritySet
                0x40080bdc        0x4 D:/adc2/build/freertos\libfreertos.a(tasks.o)
                                 0x44 (size before relaxing)
 .literal.prvCheckTasksWaitingTermination
                0x40080be0        0x8 D:/adc2/build/freertos\libfreertos.a(tasks.o)
                                 0x30 (size before relaxing)
 .literal.prvIdleTask
                0x40080be8        0x0 D:/adc2/build/freertos\libfreertos.a(tasks.o)
                                  0x8 (size before relaxing)
 .literal.xTaskIncrementTick
                0x40080be8        0xc D:/adc2/build/freertos\libfreertos.a(tasks.o)
                                 0x68 (size before relaxing)
 .literal.xTaskResumeAll
                0x40080bf4        0x8 D:/adc2/build/freertos\libfreertos.a(tasks.o)
                                 0x5c (size before relaxing)
 .literal.vTaskPlaceOnEventList
                0x40080bfc        0x8 D:/adc2/build/freertos\libfreertos.a(tasks.o)
                                 0x40 (size before relaxing)
 .literal.vTaskPlaceOnEventListRestricted
                0x40080c04        0x8 D:/adc2/build/freertos\libfreertos.a(tasks.o)
                                 0x38 (size before relaxing)
 .literal.xTaskRemoveFromEventList
                0x40080c0c        0x8 D:/adc2/build/freertos\libfreertos.a(tasks.o)
                                 0x58 (size before relaxing)
 .literal.xTaskCheckForTimeOut
                0x40080c14        0xc D:/adc2/build/freertos\libfreertos.a(tasks.o)
                                 0x3c (size before relaxing)
 .literal.vTaskPriorityInherit
                0x40080c20        0x0 D:/adc2/build/freertos\libfreertos.a(tasks.o)
                                 0x28 (size before relaxing)
 .literal.xTaskPriorityDisinherit
                0x40080c20        0x8 D:/adc2/build/freertos\libfreertos.a(tasks.o)
                                 0x3c (size before relaxing)
 .literal.pvTaskIncrementMutexHeldCount
                0x40080c28        0x0 D:/adc2/build/freertos\libfreertos.a(tasks.o)
                                 0x10 (size before relaxing)
 .literal.vPortTaskWrapper
                0x40080c28        0x8 D:/adc2/build/freertos\libfreertos.a(port.o)
                                 0x18 (size before relaxing)
 .literal.pxPortInitialiseStack
                0x40080c30       0x14 D:/adc2/build/freertos\libfreertos.a(port.o)
                                 0x1c (size before relaxing)
 .literal.xPortStartScheduler
                0x40080c44        0x0 D:/adc2/build/freertos\libfreertos.a(port.o)
                                 0x14 (size before relaxing)
 .literal.xPortSysTickHandler
                0x40080c44        0x0 D:/adc2/build/freertos\libfreertos.a(port.o)
                                  0x8 (size before relaxing)
 .literal.vPortYieldOtherCore
                0x40080c44        0x0 D:/adc2/build/freertos\libfreertos.a(port.o)
                                  0x4 (size before relaxing)
 .literal.vPortReleaseTaskMPUSettings
                0x40080c44        0x0 D:/adc2/build/freertos\libfreertos.a(port.o)
                                  0x4 (size before relaxing)
 .literal.xPortInIsrContext
                0x40080c44        0x0 D:/adc2/build/freertos\libfreertos.a(port.o)
                                  0x8 (size before relaxing)
 .literal.vPortCPUInitializeMutex
                0x40080c44        0x0 D:/adc2/build/freertos\libfreertos.a(port.o)
                                  0x4 (size before relaxing)
 .literal.vPortCPUAcquireMutex
                0x40080c44       0x14 D:/adc2/build/freertos\libfreertos.a(port.o)
                                 0x30 (size before relaxing)
 .literal.vPortCPUReleaseMutex
                0x40080c58        0xc D:/adc2/build/freertos\libfreertos.a(port.o)
                                 0x20 (size before relaxing)
 .literal._xt_tick_divisor_init
                0x40080c64        0x8 D:/adc2/build/freertos\libfreertos.a(xtensa_init.o)
                                  0xc (size before relaxing)
 .literal.prvIsQueueFull
                0x40080c6c        0x0 D:/adc2/build/freertos\libfreertos.a(queue.o)
                                  0x8 (size before relaxing)
 .literal.prvCopyDataToQueue
                0x40080c6c        0x0 D:/adc2/build/freertos\libfreertos.a(queue.o)
                                  0xc (size before relaxing)
 .literal.prvNotifyQueueSetContainer
                0x40080c6c       0x14 D:/adc2/build/freertos\libfreertos.a(queue.o)
                                 0x34 (size before relaxing)
 .literal.prvCopyDataFromQueue
                0x40080c80        0x0 D:/adc2/build/freertos\libfreertos.a(queue.o)
                                  0x4 (size before relaxing)
 .literal.xQueueGenericReset
                0x40080c80        0x4 D:/adc2/build/freertos\libfreertos.a(queue.o)
                                 0x30 (size before relaxing)
 .literal.prvInitialiseNewQueue
                0x40080c84        0x0 D:/adc2/build/freertos\libfreertos.a(queue.o)
                                  0x4 (size before relaxing)
 .literal.xQueueGenericCreate
                0x40080c84        0x4 D:/adc2/build/freertos\libfreertos.a(queue.o)
                                 0x1c (size before relaxing)
 .literal.xQueueGetMutexHolder
                0x40080c88        0x0 D:/adc2/build/freertos\libfreertos.a(queue.o)
                                  0x8 (size before relaxing)
 .literal.xQueueCreateCountingSemaphore
                0x40080c88        0x4 D:/adc2/build/freertos\libfreertos.a(queue.o)
                                 0x28 (size before relaxing)
 .literal.xQueueGenericSend
                0x40080c8c        0x4 D:/adc2/build/freertos\libfreertos.a(queue.o)
                                 0x7c (size before relaxing)
 .literal.prvInitialiseMutex
                0x40080c90        0x0 D:/adc2/build/freertos\libfreertos.a(queue.o)
                                  0x8 (size before relaxing)
 .literal.xQueueCreateMutex
                0x40080c90        0x0 D:/adc2/build/freertos\libfreertos.a(queue.o)
                                  0x8 (size before relaxing)
 .literal.xQueueGiveMutexRecursive
                0x40080c90        0x4 D:/adc2/build/freertos\libfreertos.a(queue.o)
                                 0x1c (size before relaxing)
 .literal.xQueueGenericSendFromISR
                0x40080c94        0x4 D:/adc2/build/freertos\libfreertos.a(queue.o)
                                 0x3c (size before relaxing)
 .literal.xQueueGiveFromISR
                0x40080c98        0x4 D:/adc2/build/freertos\libfreertos.a(queue.o)
                                 0x30 (size before relaxing)
 .literal.xQueueGenericReceive
                0x40080c9c        0x4 D:/adc2/build/freertos\libfreertos.a(queue.o)
                                 0x78 (size before relaxing)
 .literal.xQueueTakeMutexRecursive
                0x40080ca0        0x4 D:/adc2/build/freertos\libfreertos.a(queue.o)
                                 0x1c (size before relaxing)
 .literal.xQueueReceiveFromISR
                0x40080ca4        0x4 D:/adc2/build/freertos\libfreertos.a(queue.o)
                                 0x30 (size before relaxing)
 .literal.vQueueDelete
                0x40080ca8        0x4 D:/adc2/build/freertos\libfreertos.a(queue.o)
                                 0x18 (size before relaxing)
 .literal.vQueueWaitForMessageRestricted
                0x40080cac        0x0 D:/adc2/build/freertos\libfreertos.a(queue.o)
                                  0xc (size before relaxing)
 .literal.xt_unhandled_interrupt
                0x40080cac        0x4 D:/adc2/build/freertos\libfreertos.a(xtensa_intr.o)
                                  0x8 (size before relaxing)
 .literal.xt_set_interrupt_handler
                0x40080cb0        0x8 D:/adc2/build/freertos\libfreertos.a(xtensa_intr.o)
                                  0xc (size before relaxing)
 .literal       0x40080cb8        0x8 D:/adc2/build/freertos\libfreertos.a(portasm.o)
                                 0x54 (size before relaxing)
 .literal       0x40080cc0        0x0 D:/adc2/build/freertos\libfreertos.a(xtensa_context.o)
                                 0x10 (size before relaxing)
 .literal.prvGetNextExpireTime
                0x40080cc0        0x4 D:/adc2/build/freertos\libfreertos.a(timers.o)
 .literal.prvInsertTimerInActiveList
                0x40080cc4        0x4 D:/adc2/build/freertos\libfreertos.a(timers.o)
                                 0x10 (size before relaxing)
 .literal.prvCheckForValidListAndQueue
                0x40080cc8       0x1c D:/adc2/build/freertos\libfreertos.a(timers.o)
                                 0x44 (size before relaxing)
 .literal.xTimerCreateTimerTask
                0x40080ce4        0xc D:/adc2/build/freertos\libfreertos.a(timers.o)
                                 0x2c (size before relaxing)
 .literal.xTimerGenericCommand
                0x40080cf0        0x0 D:/adc2/build/freertos\libfreertos.a(timers.o)
                                 0x14 (size before relaxing)
 .literal.prvSwitchTimerLists
                0x40080cf0        0x4 D:/adc2/build/freertos\libfreertos.a(timers.o)
                                 0x28 (size before relaxing)
 .literal.prvSampleTimeNow
                0x40080cf4        0x4 D:/adc2/build/freertos\libfreertos.a(timers.o)
                                  0xc (size before relaxing)
 .literal.prvProcessExpiredTimer
                0x40080cf8        0x4 D:/adc2/build/freertos\libfreertos.a(timers.o)
                                 0x24 (size before relaxing)
 .literal.prvProcessTimerOrBlockTask
                0x40080cfc        0x0 D:/adc2/build/freertos\libfreertos.a(timers.o)
                                 0x24 (size before relaxing)
 .literal.prvProcessReceivedCommands
                0x40080cfc        0x8 D:/adc2/build/freertos\libfreertos.a(timers.o)
                                 0x40 (size before relaxing)
 .literal.prvTimerTask
                0x40080d04        0x0 D:/adc2/build/freertos\libfreertos.a(timers.o)
                                  0xc (size before relaxing)
 .literal.get_prev_free_block
                0x40080d04       0x10 D:/adc2/build/heap\libheap.a(multi_heap.o)
                                 0x28 (size before relaxing)
 .literal.split_if_necessary
                0x40080d14       0x10 D:/adc2/build/heap\libheap.a(multi_heap.o)
                                 0x50 (size before relaxing)
 .literal.assert_valid_block
                0x40080d24        0x0 D:/adc2/build/heap\libheap.a(multi_heap.o)
                                 0x2c (size before relaxing)
 .literal.merge_adjacent
                0x40080d24        0x8 D:/adc2/build/heap\libheap.a(multi_heap.o)
                                 0x4c (size before relaxing)
 .literal.multi_heap_get_allocated_size_impl
                0x40080d2c        0x0 D:/adc2/build/heap\libheap.a(multi_heap.o)
                                 0x10 (size before relaxing)
 .literal.multi_heap_malloc_impl
                0x40080d2c        0x0 D:/adc2/build/heap\libheap.a(multi_heap.o)
                                 0x28 (size before relaxing)
 .literal.multi_heap_free_impl
                0x40080d2c        0x0 D:/adc2/build/heap\libheap.a(multi_heap.o)
                                 0x50 (size before relaxing)
 .literal.multi_heap_realloc_impl
                0x40080d2c        0xc D:/adc2/build/heap\libheap.a(multi_heap.o)
                                 0x68 (size before relaxing)
 .iram1.1       0x40080d38       0x69 D:/adc2/build/app_update\libapp_update.a(esp_app_desc.o)
                0x40080d38                esp_ota_get_app_elf_sha256
 *fill*         0x40080da1        0x3 
 .iram1.25      0x40080da4      0x101 D:/adc2/build/esp32\libesp32.a(cpu_start.o)
                                0x169 (size before relaxing)
                0x40080da4                start_cpu0_default
                0x40080da4                start_cpu0
 *fill*         0x40080ea5        0x3 
 .iram1.27      0x40080ea8       0x32 D:/adc2/build/esp32\libesp32.a(cpu_start.o)
                                 0x46 (size before relaxing)
                0x40080ea8                start_cpu1
                0x40080ea8                start_cpu1_default
 *fill*         0x40080eda        0x2 
 .iram1.29      0x40080edc       0x4c D:/adc2/build/esp32\libesp32.a(cpu_start.o)
                                 0x58 (size before relaxing)
 .iram1.28      0x40080f28      0x1c2 D:/adc2/build/esp32\libesp32.a(cpu_start.o)
                                0x21a (size before relaxing)
                0x40080f28                call_start_cpu0
 *fill*         0x400810ea        0x2 
 .iram1         0x400810ec       0xe6 D:/adc2/build/esp32\libesp32.a(dport_panic_highint_hdl.o)
                0x400810ec                xt_highint4
                0x400811d2                ld_include_panic_highint_hdl
 *fill*         0x400811d2        0x2 
 .iram1.17      0x400811d4       0x53 D:/adc2/build/esp32\libesp32.a(int_wdt.o)
 *fill*         0x40081227        0x1 
 .iram1.25      0x40081228      0x173 D:/adc2/build/esp32\libesp32.a(system_api.o)
                                0x1bb (size before relaxing)
                0x40081228                esp_restart_noos
 *fill*         0x4008139b        0x1 
 .iram1.18      0x4008139c       0xb0 D:/adc2/build/esp32\libesp32.a(dport_access.o)
                0x4008139c                esp_dport_access_stall_other_cpu_start
 .iram1.19      0x4008144c       0x7c D:/adc2/build/esp32\libesp32.a(dport_access.o)
                                 0x80 (size before relaxing)
                0x4008144c                esp_dport_access_stall_other_cpu_end
 .iram1.22      0x400814c8       0x23 D:/adc2/build/esp32\libesp32.a(dport_access.o)
                                 0x27 (size before relaxing)
                0x400814c8                esp_dport_access_int_pause
 *fill*         0x400814eb        0x1 
 .iram1.23      0x400814ec       0x14 D:/adc2/build/esp32\libesp32.a(dport_access.o)
                0x400814ec                esp_dport_access_int_abort
 .iram1.26      0x40081500       0x15 D:/adc2/build/esp32\libesp32.a(dport_access.o)
                0x40081500                esp_dport_access_reg_read
 *fill*         0x40081515        0x3 
 .iram1.27      0x40081518        0xc D:/adc2/build/esp32\libesp32.a(dport_access.o)
                0x40081518                esp_dport_access_sequence_reg_read
 .iram1.23      0x40081524       0x11 D:/adc2/build/esp32\libesp32.a(esp_timer.o)
 *fill*         0x40081535        0x3 
 .iram1.20      0x40081538        0xb D:/adc2/build/esp32\libesp32.a(esp_timer.o)
                                  0xe (size before relaxing)
 *fill*         0x40081543        0x1 
 .iram1.17      0x40081544       0x8e D:/adc2/build/esp32\libesp32.a(esp_timer.o)
 *fill*         0x400815d2        0x2 
 .iram1.21      0x400815d4        0xb D:/adc2/build/esp32\libesp32.a(esp_timer.o)
                                  0xe (size before relaxing)
 *fill*         0x400815df        0x1 
 .iram1.22      0x400815e0       0x1c D:/adc2/build/esp32\libesp32.a(esp_timer.o)
                                 0x20 (size before relaxing)
 .iram1.25      0x400815fc        0xf D:/adc2/build/esp32\libesp32.a(esp_timer.o)
                0x400815fc                esp_timer_get_time
 *fill*         0x4008160b        0x1 
 .iram1.14      0x4008160c       0x39 D:/adc2/build/esp32\libesp32.a(intr_alloc.o)
                                 0x3c (size before relaxing)
 *fill*         0x40081645        0x3 
 .iram1.16      0x40081648       0xa2 D:/adc2/build/esp32\libesp32.a(intr_alloc.o)
                                 0xb2 (size before relaxing)
                0x40081648                esp_intr_enable
 *fill*         0x400816ea        0x2 
 .iram1.17      0x400816ec       0xe5 D:/adc2/build/esp32\libesp32.a(intr_alloc.o)
                                 0xf9 (size before relaxing)
                0x400816ec                esp_intr_disable
 *fill*         0x400817d1        0x3 
 .iram1.18      0x400817d4       0x4c D:/adc2/build/esp32\libesp32.a(intr_alloc.o)
                                 0x50 (size before relaxing)
                0x400817d4                esp_intr_noniram_disable
 .iram1.19      0x40081820       0x3e D:/adc2/build/esp32\libesp32.a(intr_alloc.o)
                0x40081820                esp_intr_noniram_enable
 *fill*         0x4008185e        0x2 
 .iram1.14      0x40081860       0x7f D:/adc2/build/esp32\libesp32.a(ipc.o)
                                 0x8b (size before relaxing)
 *fill*         0x400818df        0x1 
 .iram1.16      0x400818e0       0x2c D:/adc2/build/esp32\libesp32.a(cache_err_int.o)
                                 0x34 (size before relaxing)
                0x400818e0                esp_cache_err_get_cpuid
 .iram1.13      0x4008190c       0x27 D:/adc2/build/esp32\libesp32.a(freertos_hooks.o)
                0x4008190c                esp_vApplicationTickHook
 *fill*         0x40081933        0x1 
 .iram1.4       0x40081934       0x10 D:/adc2/build/esp32\libesp32.a(clk.o)
                0x40081934                esp_clk_cpu_freq
 .iram1.5       0x40081944       0x15 D:/adc2/build/esp32\libesp32.a(clk.o)
                0x40081944                esp_clk_apb_freq
 *fill*         0x40081959        0x3 
 .iram1.7       0x4008195c        0xf D:/adc2/build/esp32\libesp32.a(clk.o)
                0x4008195c                ets_update_cpu_frequency
 *fill*         0x4008196b        0x1 
 .iram1.18      0x4008196c      0x10e D:/adc2/build/esp32\libesp32.a(esp_timer_esp32.o)
                                0x116 (size before relaxing)
 *fill*         0x40081a7a        0x2 
 .iram1.16      0x40081a7c      0x15a D:/adc2/build/esp32\libesp32.a(esp_timer_esp32.o)
                0x40081a7c                esp_timer_impl_get_time
 *fill*         0x40081bd6        0x2 
 .iram1.17      0x40081bd8      0x16a D:/adc2/build/esp32\libesp32.a(esp_timer_esp32.o)
                                0x172 (size before relaxing)
                0x40081bd8                esp_timer_impl_set_alarm
 *fill*         0x40081d42        0x2 
 .iram1.20      0x40081d44       0x52 D:/adc2/build/esp32\libesp32.a(crosscore_int.o)
                                 0x5a (size before relaxing)
 *fill*         0x40081d96        0x2 
 .iram1.19      0x40081d98       0x44 D:/adc2/build/esp32\libesp32.a(crosscore_int.o)
                                 0x4c (size before relaxing)
 .iram1.21      0x40081ddc        0xf D:/adc2/build/esp32\libesp32.a(crosscore_int.o)
                0x40081ddc                esp_crosscore_int_send_yield
 *fill*         0x40081deb        0x1 
 .iram1.14      0x40081dec       0x1a D:/adc2/build/freertos\libfreertos.a(port.o)
                0x40081dec                xPortInterruptedFromISRContext
 *fill*         0x40081e06        0x2 
 .iram1         0x40081e08      0x4f8 D:/adc2/build/freertos\libfreertos.a(xtensa_vectors.o)
                0x40081e08                _xt_panic
                0x40081f28                _xt_user_exit
                0x4008223c                _xt_medint2_exit
                0x400822ec                _xt_medint3_exit
 .iram1.21      0x40082300       0x28 D:/adc2/build/heap\libheap.a(heap_caps.o)
 .iram1.14      0x40082328       0x70 D:/adc2/build/heap\libheap.a(heap_caps.o)
                                 0x7c (size before relaxing)
 .iram1.15      0x40082398       0xac D:/adc2/build/heap\libheap.a(heap_caps.o)
                                 0xb0 (size before relaxing)
                0x40082398                heap_caps_malloc
 .iram1.16      0x40082444       0x49 D:/adc2/build/heap\libheap.a(heap_caps.o)
                                 0x4d (size before relaxing)
                0x40082444                heap_caps_malloc_default
 *fill*         0x4008248d        0x3 
 .iram1.22      0x40082490       0x37 D:/adc2/build/heap\libheap.a(heap_caps.o)
                                 0x3e (size before relaxing)
                0x40082490                heap_caps_free
 *fill*         0x400824c7        0x1 
 .iram1.23      0x400824c8       0xbd D:/adc2/build/heap\libheap.a(heap_caps.o)
                                 0xd1 (size before relaxing)
                0x400824c8                heap_caps_realloc
 *fill*         0x40082585        0x3 
 .iram1.17      0x40082588       0x59 D:/adc2/build/heap\libheap.a(heap_caps.o)
                                 0x61 (size before relaxing)
                0x40082588                heap_caps_realloc_default
 *fill*         0x400825e1        0x3 
 .iram1.14      0x400825e4      0x12e D:/adc2/build/log\liblog.a(log.o)
                                0x136 (size before relaxing)
                0x400825e4                esp_log_write
 *fill*         0x40082712        0x2 
 .iram1.15      0x40082714       0x1c D:/adc2/build/log\liblog.a(log.o)
                                 0x1f (size before relaxing)
                0x40082714                esp_log_early_timestamp
 *fill*         0x40082730        0x0 
 .iram1.16      0x40082730       0x3f D:/adc2/build/log\liblog.a(log.o)
                                 0x47 (size before relaxing)
                0x40082730                esp_log_timestamp
 *fill*         0x4008276f        0x1 
 .iram1.14      0x40082770       0x34 D:/adc2/build/newlib\libnewlib.a(locks.o)
                                 0x43 (size before relaxing)
 *fill*         0x400827a4        0x0 
 .iram1.18      0x400827a4       0x94 D:/adc2/build/newlib\libnewlib.a(locks.o)
                                 0xb0 (size before relaxing)
 .iram1.23      0x40082838       0x42 D:/adc2/build/newlib\libnewlib.a(locks.o)
                                 0x4a (size before relaxing)
 *fill*         0x4008287a        0x2 
 .iram1.15      0x4008287c       0x13 D:/adc2/build/newlib\libnewlib.a(locks.o)
                0x4008287c                _lock_init
 *fill*         0x4008288f        0x1 
 .iram1.16      0x40082890       0x13 D:/adc2/build/newlib\libnewlib.a(locks.o)
                0x40082890                _lock_init_recursive
 *fill*         0x400828a3        0x1 
 .iram1.17      0x400828a4       0x3b D:/adc2/build/newlib\libnewlib.a(locks.o)
                                 0x4b (size before relaxing)
                0x400828a4                _lock_close
                0x400828a4                _lock_close_recursive
 *fill*         0x400828df        0x1 
 .iram1.19      0x400828e0        0xe D:/adc2/build/newlib\libnewlib.a(locks.o)
                                 0x12 (size before relaxing)
                0x400828e0                _lock_acquire
 *fill*         0x400828ee        0x2 
 .iram1.20      0x400828f0        0xe D:/adc2/build/newlib\libnewlib.a(locks.o)
                                 0x12 (size before relaxing)
                0x400828f0                _lock_acquire_recursive
 *fill*         0x400828fe        0x2 
 .iram1.21      0x40082900       0x10 D:/adc2/build/newlib\libnewlib.a(locks.o)
                                 0x14 (size before relaxing)
                0x40082900                _lock_try_acquire
 .iram1.22      0x40082910       0x10 D:/adc2/build/newlib\libnewlib.a(locks.o)
                                 0x14 (size before relaxing)
                0x40082910                _lock_try_acquire_recursive
 .iram1.24      0x40082920        0xf D:/adc2/build/newlib\libnewlib.a(locks.o)
                0x40082920                _lock_release
 *fill*         0x4008292f        0x1 
 .iram1.25      0x40082930        0xf D:/adc2/build/newlib\libnewlib.a(locks.o)
                0x40082930                _lock_release_recursive
 *fill*         0x4008293f        0x1 
 .iram1.13      0x40082940        0xc D:/adc2/build/newlib\libnewlib.a(syscalls.o)
                                 0x10 (size before relaxing)
                0x40082940                _malloc_r
 .iram1.14      0x4008294c        0xa D:/adc2/build/newlib\libnewlib.a(syscalls.o)
                                  0xe (size before relaxing)
                0x4008294c                _free_r
 *fill*         0x40082956        0x2 
 .iram1.15      0x40082958       0x11 D:/adc2/build/newlib\libnewlib.a(syscalls.o)
                0x40082958                _realloc_r
 *fill*         0x40082969        0x3 
 .iram1.16      0x4008296c       0x2c D:/adc2/build/newlib\libnewlib.a(syscalls.o)
                0x4008296c                _calloc_r
 .iram1.0       0x40082998       0x3c D:/adc2/build/newlib\libnewlib.a(reent_init.o)
                0x40082998                esp_reent_init
 .iram1.15      0x400829d4       0x46 D:/adc2/build/newlib\libnewlib.a(time.o)
                                 0x4a (size before relaxing)
                0x400829d4                _gettimeofday_r
 *fill*         0x40082a1a        0x2 
 .iram1.14      0x40082a1c       0x28 D:/adc2/build/newlib\libnewlib.a(time.o)
                                 0x2c (size before relaxing)
                0x40082a1c                _times_r
 .iram1.0       0x40082a44       0x92 D:/adc2/build/soc\libsoc.a(cpu_util.o)
                0x40082a44                esp_cpu_stall
 *fill*         0x40082ad6        0x2 
 .iram1.1       0x40082ad8       0x54 D:/adc2/build/soc\libsoc.a(cpu_util.o)
                0x40082ad8                esp_cpu_unstall
 .iram1.2       0x40082b2c       0x21 D:/adc2/build/soc\libsoc.a(cpu_util.o)
                0x40082b2c                esp_cpu_reset
 *fill*         0x40082b4d        0x3 
 .iram1.3       0x40082b50        0xe D:/adc2/build/soc\libsoc.a(cpu_util.o)
                0x40082b50                esp_cpu_in_ocd_debug_mode
 *fill*         0x40082b5e        0x2 
 .iram1.25      0x40082b60        0xa D:/adc2/build/spi_flash\libspi_flash.a(flash_ops.o)
                0x40082b60                spi_flash_guard_set
 *fill*         0x40082b6a        0x2 
 .iram1.31      0x40082b6c       0x64 D:/adc2/build/spi_flash\libspi_flash.a(cache_utils.o)
                                 0x6c (size before relaxing)
 .iram1.25      0x40082bd0       0x43 D:/adc2/build/spi_flash\libspi_flash.a(cache_utils.o)
                                 0x4f (size before relaxing)
                0x40082bd0                spi_flash_op_block_func
 *fill*         0x40082c13        0x1 
 .iram1.30      0x40082c14       0x66 D:/adc2/build/spi_flash\libspi_flash.a(cache_utils.o)
                                 0x6e (size before relaxing)
 *fill*         0x40082c7a        0x2 
 .iram1.26      0x40082c7c       0xde D:/adc2/build/spi_flash\libspi_flash.a(cache_utils.o)
                                0x10a (size before relaxing)
                0x40082c7c                spi_flash_disable_interrupts_caches_and_other_cpu
 *fill*         0x40082d5a        0x2 
 .iram1.27      0x40082d5c       0x8e D:/adc2/build/spi_flash\libspi_flash.a(cache_utils.o)
                                 0xa6 (size before relaxing)
                0x40082d5c                spi_flash_enable_interrupts_caches_and_other_cpu
 *fill*         0x40082dea        0x2 
 .iram1.32      0x40082dec       0x24 D:/adc2/build/spi_flash\libspi_flash.a(cache_utils.o)
                                 0x28 (size before relaxing)
                0x40082dec                spi_flash_cache_enabled
 .iram1.25      0x40082e10       0x24 D:/adc2/build/spi_flash\libspi_flash.a(flash_mmap.o)
 .iram1.24      0x40082e34       0x83 D:/adc2/build/spi_flash\libspi_flash.a(flash_mmap.o)
                                 0x87 (size before relaxing)
 *fill*         0x40082eb7        0x1 
 .iram1.30      0x40082eb8       0x17 D:/adc2/build/spi_flash\libspi_flash.a(flash_mmap.o)
                                 0x1f (size before relaxing)
 *fill*         0x40082ecf        0x1 
 .iram1.27      0x40082ed0      0x21b D:/adc2/build/spi_flash\libspi_flash.a(flash_mmap.o)
                                0x23b (size before relaxing)
                0x40082ed0                spi_flash_mmap_pages
 *fill*         0x400830eb        0x1 
 .iram1.26      0x400830ec       0x71 D:/adc2/build/spi_flash\libspi_flash.a(flash_mmap.o)
                0x400830ec                spi_flash_mmap
 *fill*         0x4008315d        0x3 
 .iram1.28      0x40083160       0xa2 D:/adc2/build/spi_flash\libspi_flash.a(flash_mmap.o)
                                 0xa6 (size before relaxing)
                0x40083160                spi_flash_munmap
 *fill*         0x40083202        0x2 
 .iram1.0       0x40083204       0x6e D:/adc2/build/bootloader_support\libbootloader_support.a(bootloader_flash_config.o)
                0x40083204                bootloader_flash_cs_timing_config
 *fill*         0x40083272        0x2 
 .iram1.1       0x40083274       0x38 D:/adc2/build/bootloader_support\libbootloader_support.a(bootloader_flash_config.o)
                0x40083274                bootloader_flash_clock_config
 .iram1.2       0x400832ac      0x23a D:/adc2/build/bootloader_support\libbootloader_support.a(bootloader_flash_config.o)
                0x400832ac                bootloader_flash_gpio_config
 *fill*         0x400834e6        0x2 
 .iram1.3       0x400834e8       0xab D:/adc2/build/bootloader_support\libbootloader_support.a(bootloader_flash_config.o)
                0x400834e8                bootloader_flash_dummy_config
 *fill*         0x40083593        0x0 
 *fill*         0x40083593        0x0 
 *fill*         0x40083593        0x0 
 *fill*         0x40083593        0x1 
 .iram1.0       0x40083594       0x20 D:/adc2/build/esp32\libesp32.a(dbg_stubs.o)
 *fill*         0x400835b4        0x0 
 *fill*         0x400835b4        0x0 
 *fill*         0x400835b4        0x0 
 *fill*         0x400835b4        0x0 
 *fill*         0x400835b4        0x0 
 *fill*         0x400835b4        0x0 
 *fill*         0x400835b4        0x0 
 *fill*         0x400835b4        0x0 
 *fill*         0x400835b4        0x0 
 *fill*         0x400835b4        0x0 
 *fill*         0x400835b4        0x0 
 *fill*         0x400835b4        0x0 
 *fill*         0x400835b4        0x0 
 *fill*         0x400835b4        0x0 
 *fill*         0x400835b4        0x0 
 *fill*         0x400835b4        0x0 
 *fill*         0x400835b4        0x0 
 *fill*         0x400835b4        0x0 
 *fill*         0x400835b4        0x0 
 *fill*         0x400835b4        0x0 
 *fill*         0x400835b4        0x0 
 *fill*         0x400835b4        0x0 
 *fill*         0x400835b4        0x0 
 .iram1         0x400835b4       0x2e D:/adc2/build/freertos\libfreertos.a(xtensa_vector_defaults.o)
                0x400835b4                xt_debugexception
                0x400835d4                xt_highint5
                0x400835dc                xt_nmi
                0x400835dc                _xt_nmi
 *fill*         0x400835e2        0x0 
 *fill*         0x400835e2        0x0 
 *fill*         0x400835e2        0x0 
 *fill*         0x400835e2        0x0 
 *fill*         0x400835e2        0x0 
 *fill*         0x400835e2        0x0 
 *fill*         0x400835e2        0x0 
 *fill*         0x400835e2        0x0 
 *fill*         0x400835e2        0x0 
 *fill*         0x400835e2        0x0 
 *fill*         0x400835e2        0x0 
 *fill*         0x400835e2        0x0 
 *fill*         0x400835e2        0x0 
 *fill*         0x400835e2        0x0 
 *fill*         0x400835e2        0x0 
 *fill*         0x400835e2        0x0 
 *fill*         0x400835e2        0x0 
 *fill*         0x400835e2        0x0 
 *fill*         0x400835e2        0x0 
 *fill*         0x400835e2        0x0 
 *fill*         0x400835e2        0x0 
 *fill*         0x400835e2        0x0 
 *fill*         0x400835e2        0x0 
 *fill*         0x400835e2        0x0 
 *fill*         0x400835e2        0x0 
 *fill*         0x400835e2        0x0 
 *fill*         0x400835e2        0x0 
 *fill*         0x400835e2        0x0 
 *fill*         0x400835e2        0x0 
 *fill*         0x400835e2        0x0 
 *fill*         0x400835e2        0x0 
 *fill*         0x400835e2        0x0 
 *fill*         0x400835e2        0x0 
 *fill*         0x400835e2        0x0 
 *fill*         0x400835e2        0x0 
 *libspi_flash.a:spi_flash_rom_patch.*(.literal .literal.* .text .text.*)
 *libesp_ringbuf.a:(.literal .literal.* .text .text.*)
 *fill*         0x400835e2        0x2 
 .text.prvGetFreeSize
                0x400835e4       0x3c D:/adc2/build/esp_ringbuf\libesp_ringbuf.a(ringbuf.o)
                                 0x40 (size before relaxing)
 .text.prvReceiveGeneric
                0x40083620      0x128 D:/adc2/build/esp_ringbuf\libesp_ringbuf.a(ringbuf.o)
                                0x13c (size before relaxing)
 .text.xRingbufferSend
                0x40083748       0xfd D:/adc2/build/esp_ringbuf\libesp_ringbuf.a(ringbuf.o)
                                0x111 (size before relaxing)
                0x40083748                xRingbufferSend
 *fill*         0x40083845        0x3 
 .text.xRingbufferReceive
                0x40083848       0x45 D:/adc2/build/esp_ringbuf\libesp_ringbuf.a(ringbuf.o)
                0x40083848                xRingbufferReceive
 *fill*         0x4008388d        0x3 
 .text.vRingbufferReturnItem
                0x40083890       0x5a D:/adc2/build/esp_ringbuf\libesp_ringbuf.a(ringbuf.o)
                                 0x66 (size before relaxing)
                0x40083890                vRingbufferReturnItem
 *fill*         0x400838ea        0x2 
 .text.prvCheckItemAvail
                0x400838ec       0x34 D:/adc2/build/esp_ringbuf\libesp_ringbuf.a(ringbuf.o)
 *fill*         0x40083920        0x0 
 *fill*         0x40083920        0x0 
 *libhal.a:(.literal .literal.* .text .text.*)
 .text          0x40083920      0x137 D:/ESP32/esp/esp-idf/components/esp32/libhal.a(windowspill_asm.o)
                0x40083920                xthal_spill_registers_into_stack_nw
                0x40083920                xthal_window_spill_nw
                0x40083a34                xthal_window_spill
 *fill*         0x40083a57        0x1 
 .text          0x40083a58        0x8 D:/ESP32/esp/esp-idf/components/esp32/libhal.a(int_asm--set_intclear.o)
                0x40083a58                xthal_set_intclear
 .text          0x40083a60       0x48 D:/ESP32/esp/esp-idf/components/esp32/libhal.a(clock.o)
                0x40083a60                xthal_get_ccount
                0x40083a68                xthal_set_ccompare
                0x40083a88                xthal_get_ccompare
 *fill*         0x40083aa8        0x0 
 .text          0x40083aa8       0x3e D:/ESP32/esp/esp-idf/components/esp32/libhal.a(state_asm--restore_extra_nw.o)
                0x40083aa8                xthal_restore_extra_nw
 *fill*         0x40083ae6        0x2 
 .text          0x40083ae8       0x3e D:/ESP32/esp/esp-idf/components/esp32/libhal.a(state_asm--save_extra_nw.o)
                0x40083ae8                xthal_save_extra_nw
 *libapp_trace.a:(.literal .literal.* .text .text.*)
 *libesp32.a:panic.*(.literal .literal.* .text .text.*)
 *fill*         0x40083b26        0x2 
 .text.panicPutChar
                0x40083b28       0x1e D:/adc2/build/esp32\libesp32.a(panic.o)
 *fill*         0x40083b46        0x2 
 .text.panicPutStr
                0x40083b48       0x1a D:/adc2/build/esp32\libesp32.a(panic.o)
 *fill*         0x40083b62        0x2 
 .text.panicPutHex
                0x40083b64       0x2c D:/adc2/build/esp32\libesp32.a(panic.o)
                                 0x2f (size before relaxing)
 *fill*         0x40083b90        0x0 
 .text.panicPutDec
                0x40083b90       0x3c D:/adc2/build/esp32\libesp32.a(panic.o)
                                 0x46 (size before relaxing)
 *fill*         0x40083bcc        0x0 
 .text.illegal_instruction_helper
                0x40083bcc       0x57 D:/adc2/build/esp32\libesp32.a(panic.o)
                                 0x73 (size before relaxing)
 *fill*         0x40083c23        0x1 
 .text.reconfigureAllWdts
                0x40083c24       0xa8 D:/adc2/build/esp32\libesp32.a(panic.o)
 .text.putEntry
                0x40083ccc       0x2b D:/adc2/build/esp32\libesp32.a(panic.o)
                                 0x37 (size before relaxing)
 *fill*         0x40083cf7        0x1 
 .text.doBacktrace
                0x40083cf8       0x71 D:/adc2/build/esp32\libesp32.a(panic.o)
                                 0x78 (size before relaxing)
 *fill*         0x40083d69        0x3 
 .text.invoke_abort
                0x40083d6c       0x1d D:/adc2/build/esp32\libesp32.a(panic.o)
 *fill*         0x40083d89        0x3 
 .text.haltOtherCore
                0x40083d8c       0x18 D:/adc2/build/esp32\libesp32.a(panic.o)
 .text.commonErrorHandler_dump
                0x40083da4       0xf6 D:/adc2/build/esp32\libesp32.a(panic.o)
                                0x146 (size before relaxing)
 *fill*         0x40083e9a        0x2 
 .text.esp_panic_dig_reset
                0x40083e9c       0x32 D:/adc2/build/esp32\libesp32.a(panic.o)
                                 0x36 (size before relaxing)
 *fill*         0x40083ece        0x2 
 .text.commonErrorHandler
                0x40083ed0       0x70 D:/adc2/build/esp32\libesp32.a(panic.o)
                                 0x9a (size before relaxing)
 *fill*         0x40083f40        0x0 
 .text.esp_error_check_failed_print
                0x40083f40       0x56 D:/adc2/build/esp32\libesp32.a(panic.o)
                                 0x5e (size before relaxing)
 *fill*         0x40083f96        0x2 
 .text.abort    0x40083f98       0x38 D:/adc2/build/esp32\libesp32.a(panic.o)
                                 0x3e (size before relaxing)
                0x40083f98                abort
 *fill*         0x40083fd0        0x0 
 .text.vApplicationStackOverflowHook
                0x40083fd0       0x17 D:/adc2/build/esp32\libesp32.a(panic.o)
                                 0x23 (size before relaxing)
                0x40083fd0                vApplicationStackOverflowHook
 *fill*         0x40083fe7        0x1 
 .text.panicHandler
                0x40083fe8      0x167 D:/adc2/build/esp32\libesp32.a(panic.o)
                                0x19a (size before relaxing)
                0x40083fe8                panicHandler
 *fill*         0x4008414f        0x1 
 .text.xt_unhandled_exception
                0x40084150       0x88 D:/adc2/build/esp32\libesp32.a(panic.o)
                                 0xb4 (size before relaxing)
                0x40084150                xt_unhandled_exception
 .text._esp_error_check_failed
                0x400841d8       0x16 D:/adc2/build/esp32\libesp32.a(panic.o)
                                 0x1e (size before relaxing)
                0x400841d8                _esp_error_check_failed
 *fill*         0x400841ee        0x0 
 *fill*         0x400841ee        0x0 
 *fill*         0x400841ee        0x0 
 *fill*         0x400841ee        0x0 
 *fill*         0x400841ee        0x2 
 .text.setFirstBreakpoint
                0x400841f0       0x13 D:/adc2/build/esp32\libesp32.a(panic.o)
 *fill*         0x40084203        0x0 
 *fill*         0x40084203        0x0 
 *fill*         0x40084203        0x0 
 *fill*         0x40084203        0x0 
 *fill*         0x40084203        0x0 
 *fill*         0x40084203        0x0 
 *fill*         0x40084203        0x0 
 *fill*         0x40084203        0x1 
 .text.esp_reset_reason_set_hint
                0x40084204        0x5 D:/adc2/build/esp32\libesp32.a(panic.o)
                0x40084204                esp_reset_reason_set_hint
 *fill*         0x40084209        0x3 
 .text.esp_reset_reason_get_hint
                0x4008420c        0x7 D:/adc2/build/esp32\libesp32.a(panic.o)
                0x4008420c                esp_reset_reason_get_hint
 *fill*         0x40084213        0x0 
 *fill*         0x40084213        0x0 
 *fill*         0x40084213        0x0 
 *fill*         0x40084213        0x0 
 *libespcoredump.a:core_dump_port.*(.literal .literal.* .text .text.*)
 *libespcoredump.a:core_dump_common.*(.literal .literal.* .text .text.*)
 *libespcoredump.a:core_dump_flash.*(.literal .literal.* .text .text.*)
 *libespcoredump.a:core_dump_uart.*(.literal .literal.* .text .text.*)
 *librtc.a:(.literal .literal.* .text .text.*)
 *libgcc.a:lib2funcs.*(.literal .literal.* .text .text.*)
 *libsoc.a:cpu_util.*(.literal .literal.* .text .text.*)
 *libsoc.a:rtc_clk.*(.literal .literal.* .text .text.*)
 *fill*         0x40084213        0x1 
 .text.rtc_clk_32k_enable_common
                0x40084214       0x81 D:/adc2/build/soc\libsoc.a(rtc_clk.o)
 *fill*         0x40084295        0x3 
 .text.rtc_clk_bbpll_disable
                0x40084298       0x3e D:/adc2/build/soc\libsoc.a(rtc_clk.o)
 *fill*         0x400842d6        0x2 
 .text.rtc_clk_bbpll_enable
                0x400842d8       0x66 D:/adc2/build/soc\libsoc.a(rtc_clk.o)
 *fill*         0x4008433e        0x2 
 .text.rtc_clk_32k_enable
                0x40084340       0x3d D:/adc2/build/soc\libsoc.a(rtc_clk.o)
                0x40084340                rtc_clk_32k_enable
 *fill*         0x4008437d        0x3 
 .text.rtc_clk_32k_enable_external
                0x40084380        0xe D:/adc2/build/soc\libsoc.a(rtc_clk.o)
                                 0x12 (size before relaxing)
                0x40084380                rtc_clk_32k_enable_external
 *fill*         0x4008438e        0x2 
 .text.rtc_clk_8m_enable
                0x40084390       0x9b D:/adc2/build/soc\libsoc.a(rtc_clk.o)
                0x40084390                rtc_clk_8m_enable
 *fill*         0x4008442b        0x1 
 .text.rtc_clk_slow_freq_set
                0x4008442c       0x48 D:/adc2/build/soc\libsoc.a(rtc_clk.o)
                0x4008442c                rtc_clk_slow_freq_set
 .text.rtc_clk_slow_freq_get
                0x40084474       0x10 D:/adc2/build/soc\libsoc.a(rtc_clk.o)
                0x40084474                rtc_clk_slow_freq_get
 .text.rtc_clk_slow_freq_get_hz
                0x40084484       0x29 D:/adc2/build/soc\libsoc.a(rtc_clk.o)
                0x40084484                rtc_clk_slow_freq_get_hz
 *fill*         0x400844ad        0x3 
 .text.rtc_clk_fast_freq_set
                0x400844b0       0x2a D:/adc2/build/soc\libsoc.a(rtc_clk.o)
                0x400844b0                rtc_clk_fast_freq_set
 *fill*         0x400844da        0x2 
 .text.rtc_clk_bbpll_configure
                0x400844dc      0x1a1 D:/adc2/build/soc\libsoc.a(rtc_clk.o)
                                0x1a5 (size before relaxing)
                0x400844dc                rtc_clk_bbpll_configure
 *fill*         0x4008467d        0x3 
 .text.rtc_clk_xtal_freq_get
                0x40084680       0x35 D:/adc2/build/soc\libsoc.a(rtc_clk.o)
                0x40084680                rtc_clk_xtal_freq_get
                0x40084680                rtc_get_xtal
 *fill*         0x400846b5        0x3 
 .text.rtc_clk_cpu_freq_mhz_to_config
                0x400846b8       0x61 D:/adc2/build/soc\libsoc.a(rtc_clk.o)
                0x400846b8                rtc_clk_cpu_freq_mhz_to_config
 *fill*         0x40084719        0x3 
 .text.rtc_clk_cpu_freq_get_config
                0x4008471c       0xa8 D:/adc2/build/soc\libsoc.a(rtc_clk.o)
                                 0xb8 (size before relaxing)
                0x4008471c                rtc_clk_cpu_freq_get_config
 .text.rtc_clk_apb_freq_update
                0x400847c4       0x19 D:/adc2/build/soc\libsoc.a(rtc_clk.o)
                0x400847c4                rtc_clk_apb_freq_update
 *fill*         0x400847dd        0x3 
 .text.rtc_clk_cpu_freq_to_xtal
                0x400847e0       0x93 D:/adc2/build/soc\libsoc.a(rtc_clk.o)
                                 0x9b (size before relaxing)
                0x400847e0                rtc_clk_cpu_freq_to_xtal
 *fill*         0x40084873        0x1 
 .text.rtc_clk_cpu_freq_set_xtal
                0x40084874       0x13 D:/adc2/build/soc\libsoc.a(rtc_clk.o)
                                 0x1f (size before relaxing)
                0x40084874                rtc_clk_cpu_freq_set_xtal
 *fill*         0x40084887        0x1 
 .text.rtc_clk_cpu_freq_to_pll_mhz
                0x40084888       0x98 D:/adc2/build/soc\libsoc.a(rtc_clk.o)
                                 0xa4 (size before relaxing)
 .text.rtc_clk_cpu_freq_to_8m
                0x40084920       0x58 D:/adc2/build/soc\libsoc.a(rtc_clk.o)
                                 0x5c (size before relaxing)
 .text.rtc_clk_cpu_freq_set_config
                0x40084978       0x5b D:/adc2/build/soc\libsoc.a(rtc_clk.o)
                                 0x76 (size before relaxing)
                0x40084978                rtc_clk_cpu_freq_set_config
 *fill*         0x400849d3        0x1 
 .text.rtc_clk_apb_freq_get
                0x400849d4       0x27 D:/adc2/build/soc\libsoc.a(rtc_clk.o)
                0x400849d4                rtc_clk_apb_freq_get
 *fill*         0x400849fb        0x0 
 *fill*         0x400849fb        0x0 
 *fill*         0x400849fb        0x0 
 *fill*         0x400849fb        0x0 
 *fill*         0x400849fb        0x0 
 *fill*         0x400849fb        0x0 
 *fill*         0x400849fb        0x0 
 *fill*         0x400849fb        0x0 
 *fill*         0x400849fb        0x0 
 *fill*         0x400849fb        0x0 
 *fill*         0x400849fb        0x0 
 *fill*         0x400849fb        0x0 
 *fill*         0x400849fb        0x0 
 *fill*         0x400849fb        0x0 
 *fill*         0x400849fb        0x0 
 *fill*         0x400849fb        0x0 
 *libsoc.a:rtc_init.*(.literal .literal.* .text .text.*)
 *fill*         0x400849fb        0x1 
 .text.rtc_init
                0x400849fc      0x344 D:/adc2/build/soc\libsoc.a(rtc_init.o)
                                0x368 (size before relaxing)
                0x400849fc                rtc_init
 *fill*         0x40084d40        0x0 
 *libsoc.a:rtc_periph.*(.literal .literal.* .text .text.*)
 *libsoc.a:rtc_clk_init.*(.literal .literal.* .text .text.*)
 *libsoc.a:rtc_wdt.*(.literal .literal.* .text .text.*)
 .text.rtc_wdt_get_protect_status
                0x40084d40       0x19 D:/adc2/build/soc\libsoc.a(rtc_wdt.o)
                0x40084d40                rtc_wdt_get_protect_status
 *fill*         0x40084d59        0x3 
 .text.rtc_wdt_protect_off
                0x40084d5c       0x10 D:/adc2/build/soc\libsoc.a(rtc_wdt.o)
                0x40084d5c                rtc_wdt_protect_off
 .text.rtc_wdt_protect_on
                0x40084d6c        0xf D:/adc2/build/soc\libsoc.a(rtc_wdt.o)
                0x40084d6c                rtc_wdt_protect_on
 *fill*         0x40084d7b        0x1 
 .text.rtc_wdt_enable
                0x40084d7c       0x2b D:/adc2/build/soc\libsoc.a(rtc_wdt.o)
                0x40084d7c                rtc_wdt_enable
 *fill*         0x40084da7        0x1 
 .text.rtc_wdt_flashboot_mode_enable
                0x40084da8       0x18 D:/adc2/build/soc\libsoc.a(rtc_wdt.o)
                0x40084da8                rtc_wdt_flashboot_mode_enable
 .text.rtc_wdt_feed
                0x40084dc0       0x2a D:/adc2/build/soc\libsoc.a(rtc_wdt.o)
                                 0x32 (size before relaxing)
                0x40084dc0                rtc_wdt_feed
 *fill*         0x40084dea        0x2 
 .text.rtc_wdt_set_time
                0x40084dec       0x5d D:/adc2/build/soc\libsoc.a(rtc_wdt.o)
                0x40084dec                rtc_wdt_set_time
 *fill*         0x40084e49        0x3 
 .text.rtc_wdt_set_stage
                0x40084e4c       0xb1 D:/adc2/build/soc\libsoc.a(rtc_wdt.o)
                0x40084e4c                rtc_wdt_set_stage
 *fill*         0x40084efd        0x3 
 .text.rtc_wdt_disable
                0x40084f00       0x6a D:/adc2/build/soc\libsoc.a(rtc_wdt.o)
                                 0x7e (size before relaxing)
                0x40084f00                rtc_wdt_disable
 *fill*         0x40084f6a        0x2 
 .text.rtc_wdt_set_length_of_reset_signal
                0x40084f6c       0x69 D:/adc2/build/soc\libsoc.a(rtc_wdt.o)
                0x40084f6c                rtc_wdt_set_length_of_reset_signal
 *fill*         0x40084fd5        0x3 
 .text.rtc_wdt_is_on
                0x40084fd8       0x25 D:/adc2/build/soc\libsoc.a(rtc_wdt.o)
                0x40084fd8                rtc_wdt_is_on
 *fill*         0x40084ffd        0x0 
 *fill*         0x40084ffd        0x0 
 *fill*         0x40084ffd        0x0 
 *fill*         0x40084ffd        0x0 
 *fill*         0x40084ffd        0x0 
 *fill*         0x40084ffd        0x0 
 *fill*         0x40084ffd        0x0 
 *fill*         0x40084ffd        0x0 
 *libsoc.a:rtc_sleep.*(.literal .literal.* .text .text.*)
 *libsoc.a:rtc_pm.*(.literal .literal.* .text .text.*)
 *libsoc.a:rtc_time.*(.literal .literal.* .text .text.*)
 *fill*         0x40084ffd        0x3 
 .text.rtc_clk_cal_internal
                0x40085000      0x1c8 D:/adc2/build/soc\libsoc.a(rtc_time.o)
                                0x1d0 (size before relaxing)
 .text.rtc_clk_cal
                0x400851c8       0x4e D:/adc2/build/soc\libsoc.a(rtc_time.o)
                                 0x52 (size before relaxing)
                0x400851c8                rtc_clk_cal
 *fill*         0x40085216        0x2 
 .text.rtc_time_get
                0x40085218       0x50 D:/adc2/build/soc\libsoc.a(rtc_time.o)
                0x40085218                rtc_time_get
 .text.rtc_clk_wait_for_slow_cycle
                0x40085268       0x79 D:/adc2/build/soc\libsoc.a(rtc_time.o)
                0x40085268                rtc_clk_wait_for_slow_cycle
 *fill*         0x400852e1        0x0 
 *fill*         0x400852e1        0x0 
 *libpp.a:(.wifi0iram .wifi0iram.*)
 *libfreertos.a:(.literal .literal.* .text .text.*)
 *fill*         0x400852e1        0x3 
 .text.prvResetNextTaskUnblockTime
                0x400852e4       0x34 D:/adc2/build/freertos\libfreertos.a(tasks.o)
 .text.prvDeleteTLS
                0x40085318       0x40 D:/adc2/build/freertos\libfreertos.a(tasks.o)
 .text.prvInitialiseNewTask
                0x40085358       0xc4 D:/adc2/build/freertos\libfreertos.a(tasks.o)
                                 0xd0 (size before relaxing)
 .text.prvInitialiseTaskLists
                0x4008541c       0x5a D:/adc2/build/freertos\libfreertos.a(tasks.o)
                                 0x6e (size before relaxing)
 *fill*         0x40085476        0x2 
 .text.prvDeleteTCB
                0x40085478       0x56 D:/adc2/build/freertos\libfreertos.a(tasks.o)
                                 0x5d (size before relaxing)
 *fill*         0x400854ce        0x2 
 .text.prvAddCurrentTaskToDelayedList
                0x400854d0       0x66 D:/adc2/build/freertos\libfreertos.a(tasks.o)
                                 0x6a (size before relaxing)
 *fill*         0x40085536        0x2 
 .text.taskYIELD_OTHER_CORE
                0x40085538       0x53 D:/adc2/build/freertos\libfreertos.a(tasks.o)
                0x40085538                taskYIELD_OTHER_CORE
 *fill*         0x4008558b        0x1 
 .text.vTaskSuspendAll
                0x4008558c       0x26 D:/adc2/build/freertos\libfreertos.a(tasks.o)
                0x4008558c                vTaskSuspendAll
 *fill*         0x400855b2        0x2 
 .text.xTaskGetTickCount
                0x400855b4        0xd D:/adc2/build/freertos\libfreertos.a(tasks.o)
                0x400855b4                xTaskGetTickCount
 *fill*         0x400855c1        0x3 
 .text.xTaskGetIdleTaskHandleForCPU
                0x400855c4       0x2a D:/adc2/build/freertos\libfreertos.a(tasks.o)
                                 0x2e (size before relaxing)
                0x400855c4                xTaskGetIdleTaskHandleForCPU
 *fill*         0x400855ee        0x2 
 .text.vTaskSwitchContext
                0x400855f0      0x2a2 D:/adc2/build/freertos\libfreertos.a(tasks.o)
                                0x2ae (size before relaxing)
                0x400855f0                vTaskSwitchContext
 *fill*         0x40085892        0x2 
 .text.vTaskSetTimeOutState
                0x40085894       0x34 D:/adc2/build/freertos\libfreertos.a(tasks.o)
                0x40085894                vTaskSetTimeOutState
 .text.xTaskGetCurrentTaskHandle
                0x400858c8       0x1f D:/adc2/build/freertos\libfreertos.a(tasks.o)
                0x400858c8                xTaskGetCurrentTaskHandle
 *fill*         0x400858e7        0x1 
 .text.__getreent
                0x400858e8       0x19 D:/adc2/build/freertos\libfreertos.a(tasks.o)
                0x400858e8                __getreent
 *fill*         0x40085901        0x3 
 .text.pcTaskGetTaskName
                0x40085904       0x2a D:/adc2/build/freertos\libfreertos.a(tasks.o)
                                 0x2d (size before relaxing)
                0x40085904                pcTaskGetTaskName
 *fill*         0x4008592e        0x2 
 .text.xTaskGetAffinity
                0x40085930       0x10 D:/adc2/build/freertos\libfreertos.a(tasks.o)
                                 0x13 (size before relaxing)
                0x40085930                xTaskGetAffinity
 *fill*         0x40085940        0x0 
 .text.xTaskGetCurrentTaskHandleForCPU
                0x40085940       0x17 D:/adc2/build/freertos\libfreertos.a(tasks.o)
                0x40085940                xTaskGetCurrentTaskHandleForCPU
 *fill*         0x40085957        0x1 
 .text.xTaskGetSchedulerState
                0x40085958       0x37 D:/adc2/build/freertos\libfreertos.a(tasks.o)